Archive member included because of file (symbol)

d:/my_pgm/winavr/winavr20070525/bin/../lib/gcc/avr/4.1.2/avr5\libgcc.a(_udivmodhi4.o)
                              uart_it_lib.o (__udivmodhi4)
d:/my_pgm/winavr/winavr20070525/bin/../lib/gcc/avr/4.1.2/avr5\libgcc.a(_divmodhi4.o)
                              uart_it_lib.o (__divmodhi4)
d:/my_pgm/winavr/winavr20070525/bin/../lib/gcc/avr/4.1.2/avr5\libgcc.a(_udivmodsi4.o)
                              uart_it_drv.o (__udivmodsi4)
d:/my_pgm/winavr/winavr20070525/bin/../lib/gcc/avr/4.1.2/avr5\libgcc.a(_divmodsi4.o)
                              uart_it_lib.o (__divmodsi4)
d:/my_pgm/winavr/winavr20070525/bin/../lib/gcc/avr/4.1.2/avr5\libgcc.a(_exit.o)
                              d:/my_pgm/winavr/winavr20070525/bin/../lib/gcc/avr/4.1.2/../../../../avr/lib/avr5/crtcan128.o (exit)
d:/my_pgm/winavr/winavr20070525/bin/../lib/gcc/avr/4.1.2/avr5\libgcc.a(_clear_bss.o)
                              main_printf_getline_it_example.o (__do_clear_bss)

Allocating common symbols
Common symbol       size              file

uart1_tx_buf        0x20              uart_it_drv.o
uart1_rx_head       0x1               uart_it_drv.o
uart0_rx_last_error
                    0x1               uart_it_drv.o
uart_selected       0x1               uart_it_drv.o
uart0_tx_buff_full  0x1               uart_it_drv.o
uart0_rx_tail       0x1               uart_it_drv.o
uart1_rx_tail       0x1               uart_it_drv.o
uart1_tx_head       0x1               uart_it_drv.o
uart0_tx_tail       0x1               uart_it_drv.o
uart1_tx_buff_full  0x1               uart_it_drv.o
uart0_tx_buf        0x20              uart_it_drv.o
uart1_tx_tail       0x1               uart_it_drv.o
uart1_rx_buf        0x80              uart_it_drv.o
uart0_rx_buf        0x80              uart_it_drv.o
uart1_rx_last_error
                    0x1               uart_it_drv.o
uart0_rx_head       0x1               uart_it_drv.o
uart0_tx_head       0x1               uart_it_drv.o

Discarded input sections

 .stabstr       0x00000000        0x0 d:/my_pgm/winavr/winavr20070525/bin/../lib/gcc/avr/4.1.2/../../../../avr/lib/avr5/crtcan128.o

Memory Configuration

Name             Origin             Length             Attributes
text             0x00000000         0x00020000         xr
data             0x00800060         0x0000ffa0         rw !x
eeprom           0x00810000         0x00010000         rw !x
*default*        0x00000000         0xffffffff

Linker script and memory map

Address of section .data set to 0x800100
LOAD d:/my_pgm/winavr/winavr20070525/bin/../lib/gcc/avr/4.1.2/../../../../avr/lib/avr5/crtcan128.o
LOAD main_printf_getline_it_example.o
LOAD uart_it_drv.o
LOAD uart_it_lib.o
LOAD d:/my_pgm/winavr/winavr20070525/bin/../lib/gcc/avr/4.1.2/avr5\libgcc.a
LOAD d:/my_pgm/winavr/winavr20070525/bin/../lib/gcc/avr/4.1.2/../../../../avr/lib/avr5\libc.a
LOAD d:/my_pgm/winavr/winavr20070525/bin/../lib/gcc/avr/4.1.2/avr5\libgcc.a

.hash
 *(.hash)

.dynsym
 *(.dynsym)

.dynstr
 *(.dynstr)

.gnu.version
 *(.gnu.version)

.gnu.version_d
 *(.gnu.version_d)

.gnu.version_r
 *(.gnu.version_r)

.rel.init
 *(.rel.init)

.rela.init
 *(.rela.init)

.rel.text
 *(.rel.text)
 *(.rel.text.*)
 *(.rel.gnu.linkonce.t*)

.rela.text
 *(.rela.text)
 *(.rela.text.*)
 *(.rela.gnu.linkonce.t*)

.rel.fini
 *(.rel.fini)

.rela.fini
 *(.rela.fini)

.rel.rodata
 *(.rel.rodata)
 *(.rel.rodata.*)
 *(.rel.gnu.linkonce.r*)

.rela.rodata
 *(.rela.rodata)
 *(.rela.rodata.*)
 *(.rela.gnu.linkonce.r*)

.rel.data
 *(.rel.data)
 *(.rel.data.*)
 *(.rel.gnu.linkonce.d*)

.rela.data
 *(.rela.data)
 *(.rela.data.*)
 *(.rela.gnu.linkonce.d*)

.rel.ctors
 *(.rel.ctors)

.rela.ctors
 *(.rela.ctors)

.rel.dtors
 *(.rel.dtors)

.rela.dtors
 *(.rela.dtors)

.rel.got
 *(.rel.got)

.rela.got
 *(.rela.got)

.rel.bss
 *(.rel.bss)

.rela.bss
 *(.rela.bss)

.rel.plt
 *(.rel.plt)

.rela.plt
 *(.rela.plt)

.text           0x00000000     0x1cee
 *(.vectors)
 .vectors       0x00000000       0x94 d:/my_pgm/winavr/winavr20070525/bin/../lib/gcc/avr/4.1.2/../../../../avr/lib/avr5/crtcan128.o
                0x00000000                __vectors
                0x00000000                __vector_default
 *(.vectors)
 *(.progmem.gcc*)
 *(.progmem*)
                0x00000094                . = ALIGN (0x2)
                0x00000094                __trampolines_start = .
 *(.trampolines)
 .trampolines   0x00000094        0x0 linker stubs
 *(.trampolines*)
                0x00000094                __trampolines_end = .
 *(.jumptables)
 *(.jumptables*)
 *(.lowtext)
 *(.lowtext*)
                0x00000094                __ctors_start = .
 *(.ctors)
                0x00000094                __ctors_end = .
                0x00000094                __dtors_start = .
 *(.dtors)
                0x00000094                __dtors_end = .
 SORT(*)(.ctors)
 SORT(*)(.dtors)
 *(.init0)
 .init0         0x00000094        0x0 d:/my_pgm/winavr/winavr20070525/bin/../lib/gcc/avr/4.1.2/../../../../avr/lib/avr5/crtcan128.o
                0x00000094                __init
 *(.init0)
 *(.init1)
 *(.init1)
 *(.init2)
 .init2         0x00000094        0xc d:/my_pgm/winavr/winavr20070525/bin/../lib/gcc/avr/4.1.2/../../../../avr/lib/avr5/crtcan128.o
 *(.init2)
 *(.init3)
 *(.init3)
 *(.init4)
 .init4         0x000000a0       0x1a d:/my_pgm/winavr/winavr20070525/bin/../lib/gcc/avr/4.1.2/../../../../avr/lib/avr5/crtcan128.o
                0x000000a0                __do_copy_data
 .init4         0x000000ba       0x10 d:/my_pgm/winavr/winavr20070525/bin/../lib/gcc/avr/4.1.2/avr5\libgcc.a(_clear_bss.o)
                0x000000ba                __do_clear_bss
 *(.init4)
 *(.init5)
 *(.init5)
 *(.init6)
 *(.init6)
 *(.init7)
 *(.init7)
 *(.init8)
 *(.init8)
 *(.init9)
 .init9         0x000000ca        0x8 d:/my_pgm/winavr/winavr20070525/bin/../lib/gcc/avr/4.1.2/../../../../avr/lib/avr5/crtcan128.o
 *(.init9)
 *(.text)
 .text          0x000000d2        0x4 d:/my_pgm/winavr/winavr20070525/bin/../lib/gcc/avr/4.1.2/../../../../avr/lib/avr5/crtcan128.o
                0x000000d2                __vector_28
                0x000000d2                __vector_1
                0x000000d2                __vector_34
                0x000000d2                __vector_24
                0x000000d2                __vector_12
                0x000000d2                __bad_interrupt
                0x000000d2                __vector_6
                0x000000d2                __vector_31
                0x000000d2                __vector_35
                0x000000d2                __vector_3
                0x000000d2                __vector_23
                0x000000d2                __vector_30
                0x000000d2                __vector_25
                0x000000d2                __vector_11
                0x000000d2                __vector_13
                0x000000d2                __vector_17
                0x000000d2                __vector_19
                0x000000d2                __vector_7
                0x000000d2                __vector_27
                0x000000d2                __vector_5
                0x000000d2                __vector_4
                0x000000d2                __vector_9
                0x000000d2                __vector_2
                0x000000d2                __vector_15
                0x000000d2                __vector_36
                0x000000d2                __vector_29
                0x000000d2                __vector_8
                0x000000d2                __vector_26
                0x000000d2                __vector_14
                0x000000d2                __vector_10
                0x000000d2                __vector_16
                0x000000d2                __vector_18
                0x000000d2                __vector_20
 .text          0x000000d6      0x304 main_printf_getline_it_example.o
                0x000000d6                main
 .text          0x000003da      0xa52 uart_it_drv.o
                0x000003da                __vector_22
                0x000006a2                __vector_32
                0x00000d54                uart_rx_get_3level
                0x00000748                uart1_getchar
                0x0000086a                uart_set_baudrate
                0x00000500                uart0_getchar
                0x00000622                __vector_33
                0x000007fa                uart1_putchar
                0x0000045a                __vector_21
                0x000005b2                uart0_putchar
                0x00000dd0                uart_rx_get_level
 .text          0x00000e2c      0xdf8 uart_it_lib.o
                0x0000112a                uart_mini_printf
                0x00000e2c                uart_init
                0x0000196c                uart_get_editedline
                0x000010be                uart_put_string
                0x0000102e                uart_test_hit
 .text          0x00001c24        0x0 d:/my_pgm/winavr/winavr20070525/bin/../lib/gcc/avr/4.1.2/avr5\libgcc.a(_udivmodhi4.o)
 .text          0x00001c24        0x0 d:/my_pgm/winavr/winavr20070525/bin/../lib/gcc/avr/4.1.2/avr5\libgcc.a(_divmodhi4.o)
 .text          0x00001c24        0x0 d:/my_pgm/winavr/winavr20070525/bin/../lib/gcc/avr/4.1.2/avr5\libgcc.a(_udivmodsi4.o)
 .text          0x00001c24        0x0 d:/my_pgm/winavr/winavr20070525/bin/../lib/gcc/avr/4.1.2/avr5\libgcc.a(_divmodsi4.o)
 .text          0x00001c24        0x0 d:/my_pgm/winavr/winavr20070525/bin/../lib/gcc/avr/4.1.2/avr5\libgcc.a(_exit.o)
 .text          0x00001c24        0x0 d:/my_pgm/winavr/winavr20070525/bin/../lib/gcc/avr/4.1.2/avr5\libgcc.a(_clear_bss.o)
                0x00001c24                . = ALIGN (0x2)
 *(.text.*)
 .text.libgcc   0x00001c24       0x28 d:/my_pgm/winavr/winavr20070525/bin/../lib/gcc/avr/4.1.2/avr5\libgcc.a(_udivmodhi4.o)
                0x00001c24                __udivmodhi4
 .text.libgcc   0x00001c4c       0x26 d:/my_pgm/winavr/winavr20070525/bin/../lib/gcc/avr/4.1.2/avr5\libgcc.a(_divmodhi4.o)
                0x00001c4c                __divmodhi4
                0x00001c4c                _div
 .text.libgcc   0x00001c72       0x44 d:/my_pgm/winavr/winavr20070525/bin/../lib/gcc/avr/4.1.2/avr5\libgcc.a(_udivmodsi4.o)
                0x00001c72                __udivmodsi4
 .text.libgcc   0x00001cb6       0x36 d:/my_pgm/winavr/winavr20070525/bin/../lib/gcc/avr/4.1.2/avr5\libgcc.a(_divmodsi4.o)
                0x00001cb6                __divmodsi4
 .text.libgcc   0x00001cec        0x0 d:/my_pgm/winavr/winavr20070525/bin/../lib/gcc/avr/4.1.2/avr5\libgcc.a(_exit.o)
 .text.libgcc   0x00001cec        0x0 d:/my_pgm/winavr/winavr20070525/bin/../lib/gcc/avr/4.1.2/avr5\libgcc.a(_clear_bss.o)
                0x00001cec                . = ALIGN (0x2)
 *(.fini9)
 .fini9         0x00001cec        0x0 d:/my_pgm/winavr/winavr20070525/bin/../lib/gcc/avr/4.1.2/avr5\libgcc.a(_exit.o)
                0x00001cec                exit
                0x00001cec                _exit
 *(.fini9)
 *(.fini8)
 *(.fini8)
 *(.fini7)
 *(.fini7)
 *(.fini6)
 *(.fini6)
 *(.fini5)
 *(.fini5)
 *(.fini4)
 *(.fini4)
 *(.fini3)
 *(.fini3)
 *(.fini2)
 *(.fini2)
 *(.fini1)
 *(.fini1)
 *(.fini0)
 .fini0         0x00001cec        0x2 d:/my_pgm/winavr/winavr20070525/bin/../lib/gcc/avr/4.1.2/avr5\libgcc.a(_exit.o)
 *(.fini0)
                0x00001cee                _etext = .

.data           0x00800100      0x492 load address 0x00001cee
                0x00800100                PROVIDE (__data_start, .)
 *(.data)
 .data          0x00800100        0x0 d:/my_pgm/winavr/winavr20070525/bin/../lib/gcc/avr/4.1.2/../../../../avr/lib/avr5/crtcan128.o
 .data          0x00800100      0x2b8 main_printf_getline_it_example.o
 .data          0x008003b8        0x0 uart_it_drv.o
 .data          0x008003b8      0x1d9 uart_it_lib.o
                0x00800568                txt_small_logo_atmel
                0x008003b8                txt_logo_atmel
 .data          0x00800591        0x0 d:/my_pgm/winavr/winavr20070525/bin/../lib/gcc/avr/4.1.2/avr5\libgcc.a(_udivmodhi4.o)
 .data          0x00800591        0x0 d:/my_pgm/winavr/winavr20070525/bin/../lib/gcc/avr/4.1.2/avr5\libgcc.a(_divmodhi4.o)
 .data          0x00800591        0x0 d:/my_pgm/winavr/winavr20070525/bin/../lib/gcc/avr/4.1.2/avr5\libgcc.a(_udivmodsi4.o)
 .data          0x00800591        0x0 d:/my_pgm/winavr/winavr20070525/bin/../lib/gcc/avr/4.1.2/avr5\libgcc.a(_divmodsi4.o)
 .data          0x00800591        0x0 d:/my_pgm/winavr/winavr20070525/bin/../lib/gcc/avr/4.1.2/avr5\libgcc.a(_exit.o)
 .data          0x00800591        0x0 d:/my_pgm/winavr/winavr20070525/bin/../lib/gcc/avr/4.1.2/avr5\libgcc.a(_clear_bss.o)
 *(.data*)
 *(.rodata)
 *(.rodata*)
 *(.gnu.linkonce.d*)
                0x00800592                . = ALIGN (0x2)
 *fill*         0x00800591        0x1 00
                0x00800592                _edata = .
                0x00800592                PROVIDE (__data_end, .)

.bss            0x00800592      0x14d
                0x00800592                PROVIDE (__bss_start, .)
 *(.bss)
 .bss           0x00800592        0x0 d:/my_pgm/winavr/winavr20070525/bin/../lib/gcc/avr/4.1.2/../../../../avr/lib/avr5/crtcan128.o
 .bss           0x00800592        0x0 main_printf_getline_it_example.o
 .bss           0x00800592        0x0 uart_it_drv.o
 .bss           0x00800592        0x0 uart_it_lib.o
 .bss           0x00800592        0x0 d:/my_pgm/winavr/winavr20070525/bin/../lib/gcc/avr/4.1.2/avr5\libgcc.a(_udivmodhi4.o)
 .bss           0x00800592        0x0 d:/my_pgm/winavr/winavr20070525/bin/../lib/gcc/avr/4.1.2/avr5\libgcc.a(_divmodhi4.o)
 .bss           0x00800592        0x0 d:/my_pgm/winavr/winavr20070525/bin/../lib/gcc/avr/4.1.2/avr5\libgcc.a(_udivmodsi4.o)
 .bss           0x00800592        0x0 d:/my_pgm/winavr/winavr20070525/bin/../lib/gcc/avr/4.1.2/avr5\libgcc.a(_divmodsi4.o)
 .bss           0x00800592        0x0 d:/my_pgm/winavr/winavr20070525/bin/../lib/gcc/avr/4.1.2/avr5\libgcc.a(_exit.o)
 .bss           0x00800592        0x0 d:/my_pgm/winavr/winavr20070525/bin/../lib/gcc/avr/4.1.2/avr5\libgcc.a(_clear_bss.o)
 *(.bss*)
 *(COMMON)
 COMMON         0x00800592      0x14d uart_it_drv.o
                0x00800592                uart1_tx_buf
                0x008005b2                uart1_rx_head
                0x008005b3                uart0_rx_last_error
                0x008005b4                uart_selected
                0x008005b5                uart0_tx_buff_full
                0x008005b6                uart0_rx_tail
                0x008005b7                uart1_rx_tail
                0x008005b8                uart1_tx_head
                0x008005b9                uart0_tx_tail
                0x008005ba                uart1_tx_buff_full
                0x008005bb                uart0_tx_buf
                0x008005db                uart1_tx_tail
                0x008005dc                uart1_rx_buf
                0x0080065c                uart0_rx_buf
                0x008006dc                uart1_rx_last_error
                0x008006dd                uart0_rx_head
                0x008006de                uart0_tx_head
                0x008006df                PROVIDE (__bss_end, .)
                0x00001cee                __data_load_start = LOADADDR (.data)
                0x00002180                __data_load_end = (__data_load_start + SIZEOF (.data))

.noinit         0x008006df        0x0
                0x008006df                PROVIDE (__noinit_start, .)
 *(.noinit*)
                0x008006df                PROVIDE (__noinit_end, .)
                0x008006df                _end = .
                0x008006df                PROVIDE (__heap_start, .)

.eeprom         0x00810000        0x0
 *(.eeprom*)
                0x00810000                __eeprom_end = .

.stab           0x00000000      0x414
 *(.stab)
 .stab          0x00000000      0x414 d:/my_pgm/winavr/winavr20070525/bin/../lib/gcc/avr/4.1.2/../../../../avr/lib/avr5/crtcan128.o

.stabstr        0x00000000       0x71
 *(.stabstr)
 .stabstr       0x00000000       0x71 d:/my_pgm/winavr/winavr20070525/bin/../lib/gcc/avr/4.1.2/../../../../avr/lib/avr5/crtcan128.o

.stab.excl
 *(.stab.excl)

.stab.exclstr
 *(.stab.exclstr)

.stab.index
 *(.stab.index)

.stab.indexstr
 *(.stab.indexstr)

.comment
 *(.comment)

.debug
 *(.debug)

.line
 *(.line)

.debug_srcinfo
 *(.debug_srcinfo)

.debug_sfnames
 *(.debug_sfnames)

.debug_aranges  0x00000000       0x60
 *(.debug_aranges)
 .debug_aranges
                0x00000000       0x20 main_printf_getline_it_example.o
 .debug_aranges
                0x00000020       0x20 uart_it_drv.o
 .debug_aranges
                0x00000040       0x20 uart_it_lib.o

.debug_pubnames
                0x00000000      0x2db
 *(.debug_pubnames)
 .debug_pubnames
                0x00000000       0x1b main_printf_getline_it_example.o
 .debug_pubnames
                0x0000001b      0x221 uart_it_drv.o
 .debug_pubnames
                0x0000023c       0x9f uart_it_lib.o

.debug_info     0x00000000      0xeef
 *(.debug_info)
 .debug_info    0x00000000      0x21e main_printf_getline_it_example.o
 .debug_info    0x0000021e      0x689 uart_it_drv.o
 .debug_info    0x000008a7      0x648 uart_it_lib.o
 *(.gnu.linkonce.wi.*)

.debug_abbrev   0x00000000      0x312
 *(.debug_abbrev)
 .debug_abbrev  0x00000000       0x87 main_printf_getline_it_example.o
 .debug_abbrev  0x00000087      0x130 uart_it_drv.o
 .debug_abbrev  0x000001b7      0x15b uart_it_lib.o

.debug_line     0x00000000     0x1313
 *(.debug_line)
 .debug_line    0x00000000      0x392 main_printf_getline_it_example.o
 .debug_line    0x00000392      0x64f uart_it_drv.o
 .debug_line    0x000009e1      0x932 uart_it_lib.o

.debug_frame    0x00000000      0x140
 *(.debug_frame)
 .debug_frame   0x00000000       0x20 main_printf_getline_it_example.o
 .debug_frame   0x00000020       0xc0 uart_it_drv.o
 .debug_frame   0x000000e0       0x60 uart_it_lib.o

.debug_str      0x00000000       0x47
 *(.debug_str)
 .debug_str     0x00000000        0xd main_printf_getline_it_example.o
 .debug_str     0x0000000d       0x21 uart_it_drv.o
 .debug_str     0x0000002e       0x19 uart_it_lib.o

.debug_loc
 *(.debug_loc)

.debug_macinfo
 *(.debug_macinfo)
OUTPUT(printf_getline_it_example_gcc.elf elf32-avr)
LOAD linker stubs
