Archive member included because of file (symbol)

c:/winavr-20100110/bin/../lib/gcc/avr/4.3.3/avr51\libgcc.a(_mulsi3.o)
                              ./fat/fat.o (__mulsi3)
c:/winavr-20100110/bin/../lib/gcc/avr/4.3.3/avr51\libgcc.a(_udivmodhi4.o)
                              ./fat/fat.o (__udivmodhi4)
c:/winavr-20100110/bin/../lib/gcc/avr/4.3.3/avr51\libgcc.a(_divmodhi4.o)
                              ./fat/fat.o (__divmodhi4)
c:/winavr-20100110/bin/../lib/gcc/avr/4.3.3/avr51\libgcc.a(_udivmodsi4.o)
                              ./fat/fat.o (__udivmodsi4)
c:/winavr-20100110/bin/../lib/gcc/avr/4.3.3/avr51\libgcc.a(_exit.o)
                              c:/winavr-20100110/bin/../lib/gcc/avr/4.3.3/../../../../avr/lib/avr51/crtcan128.o (exit)
c:/winavr-20100110/bin/../lib/gcc/avr/4.3.3/avr51\libgcc.a(_clear_bss.o)
                              ./fat/fat.o (__do_clear_bss)
c:/winavr-20100110/bin/../lib/gcc/avr/4.3.3/avr51\libgcc.a(_muldi3.o)
                              ./fat/fat.o (__muldi3)
c:/winavr-20100110/bin/../lib/gcc/avr/4.3.3/avr51\libgcc.a(_lshrdi3.o)
                              ./fat/sd_raw.o (__lshrdi3)
c:/winavr-20100110/bin/../lib/gcc/avr/4.3.3/avr51\libgcc.a(_ashldi3.o)
                              ./fat/fat.o (__ashldi3)
c:/winavr-20100110/bin/../lib/gcc/avr/4.3.3/avr51\libgcc.a(_prologue.o)
                              c:/winavr-20100110/bin/../lib/gcc/avr/4.3.3/avr51\libgcc.a(_muldi3.o) (__prologue_saves__)
c:/winavr-20100110/bin/../lib/gcc/avr/4.3.3/avr51\libgcc.a(_epilogue.o)
                              c:/winavr-20100110/bin/../lib/gcc/avr/4.3.3/avr51\libgcc.a(_muldi3.o) (__epilogue_restores__)
c:/winavr-20100110/bin/../lib/gcc/avr/4.3.3/../../../../avr/lib/avr51\libc.a(atoi.o)
                              ./datalogger.o (atoi)
c:/winavr-20100110/bin/../lib/gcc/avr/4.3.3/../../../../avr/lib/avr51\libc.a(atol.o)
                              ./datalogger.o (atol)
c:/winavr-20100110/bin/../lib/gcc/avr/4.3.3/../../../../avr/lib/avr51\libc.a(memcpy.o)
                              ./fat/fat.o (memcpy)
c:/winavr-20100110/bin/../lib/gcc/avr/4.3.3/../../../../avr/lib/avr51\libc.a(memset.o)
                              ./fat/fat.o (memset)
c:/winavr-20100110/bin/../lib/gcc/avr/4.3.3/../../../../avr/lib/avr51\libc.a(strchr.o)
                              ./fat/fat.o (strchr)
c:/winavr-20100110/bin/../lib/gcc/avr/4.3.3/../../../../avr/lib/avr51\libc.a(strcmp.o)
                              ./fat/fat.o (strcmp)
c:/winavr-20100110/bin/../lib/gcc/avr/4.3.3/../../../../avr/lib/avr51\libc.a(strncmp.o)
                              ./fat/fat.o (strncmp)
c:/winavr-20100110/bin/../lib/gcc/avr/4.3.3/../../../../avr/lib/avr51\libc.a(strncpy.o)
                              ./fat/fat.o (strncpy)
c:/winavr-20100110/bin/../lib/gcc/avr/4.3.3/../../../../avr/lib/avr51\libc.a(strrchr.o)
                              ./fat/fat.o (strrchr)
c:/winavr-20100110/bin/../lib/gcc/avr/4.3.3/../../../../avr/lib/avr51\libc.a(mulsi10.o)
                              c:/winavr-20100110/bin/../lib/gcc/avr/4.3.3/../../../../avr/lib/avr51\libc.a(atol.o) (__mulsi_const_10)
c:/winavr-20100110/bin/../lib/gcc/avr/4.3.3/../../../../avr/lib/avr51\libc.a(mul10.o)
                              c:/winavr-20100110/bin/../lib/gcc/avr/4.3.3/../../../../avr/lib/avr51\libc.a(atoi.o) (__mulhi_const_10)
c:/winavr-20100110/bin/../lib/gcc/avr/4.3.3/../../../../avr/lib/avr51\libc.a(sprintf.o)
                              ./log.o (sprintf)
c:/winavr-20100110/bin/../lib/gcc/avr/4.3.3/../../../../avr/lib/avr51\libc.a(vfprintf_std.o)
                              c:/winavr-20100110/bin/../lib/gcc/avr/4.3.3/../../../../avr/lib/avr51\libc.a(sprintf.o) (vfprintf)
c:/winavr-20100110/bin/../lib/gcc/avr/4.3.3/../../../../avr/lib/avr51\libc.a(strnlen_P.o)
                              c:/winavr-20100110/bin/../lib/gcc/avr/4.3.3/../../../../avr/lib/avr51\libc.a(vfprintf_std.o) (strnlen_P)
c:/winavr-20100110/bin/../lib/gcc/avr/4.3.3/../../../../avr/lib/avr51\libc.a(strnlen.o)
                              c:/winavr-20100110/bin/../lib/gcc/avr/4.3.3/../../../../avr/lib/avr51\libc.a(vfprintf_std.o) (strnlen)
c:/winavr-20100110/bin/../lib/gcc/avr/4.3.3/../../../../avr/lib/avr51\libc.a(fputc.o)
                              c:/winavr-20100110/bin/../lib/gcc/avr/4.3.3/../../../../avr/lib/avr51\libc.a(vfprintf_std.o) (fputc)
c:/winavr-20100110/bin/../lib/gcc/avr/4.3.3/../../../../avr/lib/avr51\libc.a(ultoa_invert.o)
                              c:/winavr-20100110/bin/../lib/gcc/avr/4.3.3/../../../../avr/lib/avr51\libc.a(vfprintf_std.o) (__ultoa_invert)

Allocating common symbols
Common symbol       size              file

systimer1           0x4               ./datalogger.o
gps                 0x4a              ./datalogger.o
log_buf             0x204             ./log.o
test_string         0x6               ./datalogger.o
sys                 0xc0              ./log.o
directory           0x31              ./log.o
rx                  0xf               ./gps.o
partition           0x2               ./log.o
msg_type_lu         0xf               ./can.o
log_dir             0x31              ./log.o
dd                  0x2               ./log.o
fsys                0x2               ./log.o
f_log               0x2               ./log.o
new_dir             0x31              ./log.o
gps_recv            0x35              ./gps.o
dir_ent             0x31              ./log.o

Memory Configuration

Name             Origin             Length             Attributes
text             0x00000000         0x00020000         xr
data             0x00800060         0x0000ffa0         rw !x
eeprom           0x00810000         0x00010000         rw !x
fuse             0x00820000         0x00000400         rw !x
lock             0x00830000         0x00000400         rw !x
signature        0x00840000         0x00000400         rw !x
*default*        0x00000000         0xffffffff

Linker script and memory map

Address of section .data set to 0x800100
LOAD c:/winavr-20100110/bin/../lib/gcc/avr/4.3.3/../../../../avr/lib/avr51/crtcan128.o
LOAD ./fat/byteordering.o
LOAD ./fat/fat.o
LOAD ./fat/partition.o
LOAD ./fat/sd_raw.o
LOAD ./fat/uart.o
LOAD ./can.o
LOAD ./datalogger.o
LOAD ./gps.o
LOAD ./log.o
LOAD ./systimer.o
LOAD c:/winavr-20100110/bin/../lib/gcc/avr/4.3.3/avr51\libgcc.a
LOAD c:/winavr-20100110/bin/../lib/gcc/avr/4.3.3/../../../../avr/lib/avr51\libc.a
LOAD c:/winavr-20100110/bin/../lib/gcc/avr/4.3.3/avr51\libgcc.a

.hash
 *(.hash)

.dynsym
 *(.dynsym)

.dynstr
 *(.dynstr)

.gnu.version
 *(.gnu.version)

.gnu.version_d
 *(.gnu.version_d)

.gnu.version_r
 *(.gnu.version_r)

.rel.init
 *(.rel.init)

.rela.init
 *(.rela.init)

.rel.text
 *(.rel.text)
 *(.rel.text.*)
 *(.rel.gnu.linkonce.t*)

.rela.text
 *(.rela.text)
 *(.rela.text.*)
 *(.rela.gnu.linkonce.t*)

.rel.fini
 *(.rel.fini)

.rela.fini
 *(.rela.fini)

.rel.rodata
 *(.rel.rodata)
 *(.rel.rodata.*)
 *(.rel.gnu.linkonce.r*)

.rela.rodata
 *(.rela.rodata)
 *(.rela.rodata.*)
 *(.rela.gnu.linkonce.r*)

.rel.data
 *(.rel.data)
 *(.rel.data.*)
 *(.rel.gnu.linkonce.d*)

.rela.data
 *(.rela.data)
 *(.rela.data.*)
 *(.rela.gnu.linkonce.d*)

.rel.ctors
 *(.rel.ctors)

.rela.ctors
 *(.rela.ctors)

.rel.dtors
 *(.rel.dtors)

.rela.dtors
 *(.rela.dtors)

.rel.got
 *(.rel.got)

.rela.got
 *(.rela.got)

.rel.bss
 *(.rel.bss)

.rela.bss
 *(.rela.bss)

.rel.plt
 *(.rel.plt)

.rela.plt
 *(.rela.plt)

.text           0x00000000     0x9058
 *(.vectors)
 .vectors       0x00000000       0x94 c:/winavr-20100110/bin/../lib/gcc/avr/4.3.3/../../../../avr/lib/avr51/crtcan128.o
                0x00000000                __vectors
                0x00000000                __vector_default
 *(.vectors)
 *(.progmem.gcc*)
 .progmem.gcc_sw_table
                0x00000094       0x70 ./datalogger.o
 *(.progmem*)
 .progmem.data  0x00000104      0x10d ./log.o
                0x00000212                . = ALIGN (0x2)
 *fill*         0x00000211        0x1 00
                0x00000212                __trampolines_start = .
 *(.trampolines)
 .trampolines   0x00000212        0x0 linker stubs
 *(.trampolines*)
                0x00000212                __trampolines_end = .
 *(.jumptables)
 *(.jumptables*)
 *(.lowtext)
 *(.lowtext*)
                0x00000212                __ctors_start = .
 *(.ctors)
                0x00000212                __ctors_end = .
                0x00000212                __dtors_start = .
 *(.dtors)
                0x00000212                __dtors_end = .
 SORT(*)(.ctors)
 SORT(*)(.dtors)
 *(.init0)
 .init0         0x00000212        0x0 c:/winavr-20100110/bin/../lib/gcc/avr/4.3.3/../../../../avr/lib/avr51/crtcan128.o
                0x00000212                __init
 *(.init0)
 *(.init1)
 *(.init1)
 *(.init2)
 .init2         0x00000212        0xc c:/winavr-20100110/bin/../lib/gcc/avr/4.3.3/../../../../avr/lib/avr51/crtcan128.o
 *(.init2)
 *(.init3)
 *(.init3)
 *(.init4)
 .init4         0x0000021e       0x1a c:/winavr-20100110/bin/../lib/gcc/avr/4.3.3/../../../../avr/lib/avr51/crtcan128.o
                0x0000021e                __do_copy_data
 .init4         0x00000238       0x10 c:/winavr-20100110/bin/../lib/gcc/avr/4.3.3/avr51\libgcc.a(_clear_bss.o)
                0x00000238                __do_clear_bss
 *(.init4)
 *(.init5)
 *(.init5)
 *(.init6)
 *(.init6)
 *(.init7)
 *(.init7)
 *(.init8)
 *(.init8)
 *(.init9)
 .init9         0x00000248        0x8 c:/winavr-20100110/bin/../lib/gcc/avr/4.3.3/../../../../avr/lib/avr51/crtcan128.o
 *(.init9)
 *(.text)
 .text          0x00000250        0x4 c:/winavr-20100110/bin/../lib/gcc/avr/4.3.3/../../../../avr/lib/avr51/crtcan128.o
                0x00000250                __vector_22
                0x00000250                __vector_28
                0x00000250                __vector_1
                0x00000250                __vector_34
                0x00000250                __vector_24
                0x00000250                __bad_interrupt
                0x00000250                __vector_6
                0x00000250                __vector_31
                0x00000250                __vector_35
                0x00000250                __vector_3
                0x00000250                __vector_23
                0x00000250                __vector_30
                0x00000250                __vector_25
                0x00000250                __vector_11
                0x00000250                __vector_13
                0x00000250                __vector_17
                0x00000250                __vector_19
                0x00000250                __vector_7
                0x00000250                __vector_27
                0x00000250                __vector_5
                0x00000250                __vector_33
                0x00000250                __vector_4
                0x00000250                __vector_9
                0x00000250                __vector_2
                0x00000250                __vector_15
                0x00000250                __vector_36
                0x00000250                __vector_29
                0x00000250                __vector_8
                0x00000250                __vector_26
                0x00000250                __vector_14
                0x00000250                __vector_10
                0x00000250                __vector_16
                0x00000250                __vector_20
 .text          0x00000254        0x0 ./fat/byteordering.o
 .text          0x00000254     0x4a88 ./fat/fat.o
                0x00004b2a                fat_open_file
                0x00001e0c                fat_read_dir
                0x00003ba0                fat_create_file
                0x000016bc                fat_reset_dir
                0x00001942                fat_get_fs_free
                0x0000255e                fat_open
                0x000037ce                fat_create_dir
                0x000016de                fat_delete_file
                0x00000fe4                fat_close_file
                0x000016b0                fat_close_dir
                0x00000254                fat_close
                0x00004238                fat_seek_file
                0x00004bba                fat_get_dir_entry_of_path
                0x00000ff0                fat_read_file
                0x00001888                fat_get_fs_size
                0x00003c82                fat_move_file
                0x00004aa8                fat_open_dir
                0x00004308                fat_write_file
                0x00003d7c                fat_resize_file
 .text          0x00004cdc      0x15a ./fat/partition.o
                0x00004cdc                partition_close
                0x00004cec                partition_open
 .text          0x00004e36     0x105e ./fat/sd_raw.o
                0x00004e36                sd_raw_available
                0x00005d06                sd_raw_write_interval
                0x000055a0                sd_raw_read
                0x00005a94                sd_raw_init
                0x000058f8                sd_raw_read_interval
                0x00004f04                sd_raw_get_info
                0x0000554a                sd_raw_sync
                0x00004e3a                sd_raw_locked
                0x000051a2                sd_raw_write
 .text          0x00005e94      0x278 ./fat/uart.o
                0x00005fca                uart_putdw_dec
                0x0000610a                __vector_32
                0x00005ec8                uart_putc_hex
                0x000060a8                uart_puts
                0x000060c2                uart_puts_p
                0x00005e94                uart_init
                0x00005f54                uart_putw_dec
                0x000060e0                uart_getc
                0x00005f2e                uart_putdw_hex
                0x00005eb8                uart_putc
                0x00005f1a                uart_putw_hex
 .text          0x0000610c      0x2cc ./can.o
                0x00006378                can_init
                0x0000625a                prepare_rx
                0x000063be                get_open_mob
                0x0000610c                can_tx
 .text          0x000063d8     0x1714 ./datalogger.o
                0x00006420                ProcessCanMsg
                0x00006b6e                handle_10ms_tick
                0x00006d26                ProcessGpsString
                0x00007812                main
                0x000063d8                GetParameterString
                0x0000699a                __vector_18
 .text          0x00007aec      0x15e ./gps.o
                0x00007b68                gps_getc
                0x00007b50                uart0_rx
                0x00007b40                uart0_tx
                0x00007aec                uart0_init
                0x00007b2c                gps_init
                0x00007ba8                __vector_21
 .text          0x00007c4a      0x6ee ./log.o
                0x00007cc2                flush_log
                0x00008018                init_log_system
                0x00007f70                fat_init
                0x00007ce8                _log
                0x00007c4a                clear_log
                0x00007d7e                open_log
                0x00007c74                print_log_buf
                0x00007f1e                close_log
 .text          0x00008338       0xe2 ./systimer.o
                0x00008338                __vector_12
                0x000083ba                systimer_10ms_restart
 .text          0x0000841a        0x0 c:/winavr-20100110/bin/../lib/gcc/avr/4.3.3/avr51\libgcc.a(_mulsi3.o)
 .text          0x0000841a        0x0 c:/winavr-20100110/bin/../lib/gcc/avr/4.3.3/avr51\libgcc.a(_udivmodhi4.o)
 .text          0x0000841a        0x0 c:/winavr-20100110/bin/../lib/gcc/avr/4.3.3/avr51\libgcc.a(_divmodhi4.o)
 .text          0x0000841a        0x0 c:/winavr-20100110/bin/../lib/gcc/avr/4.3.3/avr51\libgcc.a(_udivmodsi4.o)
 .text          0x0000841a        0x0 c:/winavr-20100110/bin/../lib/gcc/avr/4.3.3/avr51\libgcc.a(_exit.o)
 .text          0x0000841a        0x0 c:/winavr-20100110/bin/../lib/gcc/avr/4.3.3/avr51\libgcc.a(_clear_bss.o)
 .text          0x0000841a      0x1f6 c:/winavr-20100110/bin/../lib/gcc/avr/4.3.3/avr51\libgcc.a(_muldi3.o)
                0x0000841a                __muldi3
 .text          0x00008610       0xfe c:/winavr-20100110/bin/../lib/gcc/avr/4.3.3/avr51\libgcc.a(_lshrdi3.o)
                0x00008610                __lshrdi3
 .text          0x0000870e       0xfe c:/winavr-20100110/bin/../lib/gcc/avr/4.3.3/avr51\libgcc.a(_ashldi3.o)
                0x0000870e                __ashldi3
 .text          0x0000880c        0x0 c:/winavr-20100110/bin/../lib/gcc/avr/4.3.3/avr51\libgcc.a(_prologue.o)
 .text          0x0000880c        0x0 c:/winavr-20100110/bin/../lib/gcc/avr/4.3.3/avr51\libgcc.a(_epilogue.o)
 .text          0x0000880c        0x0 c:/winavr-20100110/bin/../lib/gcc/avr/4.3.3/../../../../avr/lib/avr51\libc.a(atoi.o)
 .text          0x0000880c        0x0 c:/winavr-20100110/bin/../lib/gcc/avr/4.3.3/../../../../avr/lib/avr51\libc.a(atol.o)
 .text          0x0000880c        0x0 c:/winavr-20100110/bin/../lib/gcc/avr/4.3.3/../../../../avr/lib/avr51\libc.a(memcpy.o)
 .text          0x0000880c        0x0 c:/winavr-20100110/bin/../lib/gcc/avr/4.3.3/../../../../avr/lib/avr51\libc.a(memset.o)
 .text          0x0000880c        0x0 c:/winavr-20100110/bin/../lib/gcc/avr/4.3.3/../../../../avr/lib/avr51\libc.a(strchr.o)
 .text          0x0000880c        0x0 c:/winavr-20100110/bin/../lib/gcc/avr/4.3.3/../../../../avr/lib/avr51\libc.a(strcmp.o)
 .text          0x0000880c        0x0 c:/winavr-20100110/bin/../lib/gcc/avr/4.3.3/../../../../avr/lib/avr51\libc.a(strncmp.o)
 .text          0x0000880c        0x0 c:/winavr-20100110/bin/../lib/gcc/avr/4.3.3/../../../../avr/lib/avr51\libc.a(strncpy.o)
 .text          0x0000880c        0x0 c:/winavr-20100110/bin/../lib/gcc/avr/4.3.3/../../../../avr/lib/avr51\libc.a(strrchr.o)
 .text          0x0000880c        0x0 c:/winavr-20100110/bin/../lib/gcc/avr/4.3.3/../../../../avr/lib/avr51\libc.a(mulsi10.o)
 .text          0x0000880c        0x0 c:/winavr-20100110/bin/../lib/gcc/avr/4.3.3/../../../../avr/lib/avr51\libc.a(mul10.o)
 .text          0x0000880c        0x0 c:/winavr-20100110/bin/../lib/gcc/avr/4.3.3/../../../../avr/lib/avr51\libc.a(sprintf.o)
 .text          0x0000880c        0x0 c:/winavr-20100110/bin/../lib/gcc/avr/4.3.3/../../../../avr/lib/avr51\libc.a(vfprintf_std.o)
 .text          0x0000880c        0x0 c:/winavr-20100110/bin/../lib/gcc/avr/4.3.3/../../../../avr/lib/avr51\libc.a(strnlen_P.o)
 .text          0x0000880c        0x0 c:/winavr-20100110/bin/../lib/gcc/avr/4.3.3/../../../../avr/lib/avr51\libc.a(strnlen.o)
 .text          0x0000880c        0x0 c:/winavr-20100110/bin/../lib/gcc/avr/4.3.3/../../../../avr/lib/avr51\libc.a(fputc.o)
 .text          0x0000880c        0x0 c:/winavr-20100110/bin/../lib/gcc/avr/4.3.3/../../../../avr/lib/avr51\libc.a(ultoa_invert.o)
                0x0000880c                . = ALIGN (0x2)
 *(.text.*)
 .text.libgcc   0x0000880c       0x3e c:/winavr-20100110/bin/../lib/gcc/avr/4.3.3/avr51\libgcc.a(_mulsi3.o)
                0x0000880c                __mulsi3
 .text.libgcc   0x0000884a       0x28 c:/winavr-20100110/bin/../lib/gcc/avr/4.3.3/avr51\libgcc.a(_udivmodhi4.o)
                0x0000884a                __udivmodhi4
 .text.libgcc   0x00008872       0x26 c:/winavr-20100110/bin/../lib/gcc/avr/4.3.3/avr51\libgcc.a(_divmodhi4.o)
                0x00008872                __divmodhi4
                0x00008872                _div
 .text.libgcc   0x00008898       0x44 c:/winavr-20100110/bin/../lib/gcc/avr/4.3.3/avr51\libgcc.a(_udivmodsi4.o)
                0x00008898                __udivmodsi4
 .text.libgcc   0x000088dc        0x0 c:/winavr-20100110/bin/../lib/gcc/avr/4.3.3/avr51\libgcc.a(_exit.o)
 .text.libgcc   0x000088dc        0x0 c:/winavr-20100110/bin/../lib/gcc/avr/4.3.3/avr51\libgcc.a(_clear_bss.o)
 .text.libgcc   0x000088dc       0x38 c:/winavr-20100110/bin/../lib/gcc/avr/4.3.3/avr51\libgcc.a(_prologue.o)
                0x000088dc                __prologue_saves__
 .text.libgcc   0x00008914       0x36 c:/winavr-20100110/bin/../lib/gcc/avr/4.3.3/avr51\libgcc.a(_epilogue.o)
                0x00008914                __epilogue_restores__
 .text.avr-libc
                0x0000894a       0x3c c:/winavr-20100110/bin/../lib/gcc/avr/4.3.3/../../../../avr/lib/avr51\libc.a(atoi.o)
                0x0000894a                atoi
 .text.avr-libc
                0x00008986       0x4e c:/winavr-20100110/bin/../lib/gcc/avr/4.3.3/../../../../avr/lib/avr51\libc.a(atol.o)
                0x00008986                atol
 .text.avr-libc
                0x000089d4       0x12 c:/winavr-20100110/bin/../lib/gcc/avr/4.3.3/../../../../avr/lib/avr51\libc.a(memcpy.o)
                0x000089d4                memcpy
 .text.avr-libc
                0x000089e6        0xe c:/winavr-20100110/bin/../lib/gcc/avr/4.3.3/../../../../avr/lib/avr51\libc.a(memset.o)
                0x000089e6                memset
 .text.avr-libc
                0x000089f4       0x16 c:/winavr-20100110/bin/../lib/gcc/avr/4.3.3/../../../../avr/lib/avr51\libc.a(strchr.o)
                0x000089f4                strchr
 .text.avr-libc
                0x00008a0a       0x12 c:/winavr-20100110/bin/../lib/gcc/avr/4.3.3/../../../../avr/lib/avr51\libc.a(strcmp.o)
                0x00008a0a                strcmp
 .text.avr-libc
                0x00008a1c       0x1c c:/winavr-20100110/bin/../lib/gcc/avr/4.3.3/../../../../avr/lib/avr51\libc.a(strncmp.o)
                0x00008a1c                strncmp
 .text.avr-libc
                0x00008a38       0x1e c:/winavr-20100110/bin/../lib/gcc/avr/4.3.3/../../../../avr/lib/avr51\libc.a(strncpy.o)
                0x00008a38                strncpy
 .text.avr-libc
                0x00008a56       0x16 c:/winavr-20100110/bin/../lib/gcc/avr/4.3.3/../../../../avr/lib/avr51\libc.a(strrchr.o)
                0x00008a56                strrchr
 .text.avr-libc
                0x00008a6c       0x2a c:/winavr-20100110/bin/../lib/gcc/avr/4.3.3/../../../../avr/lib/avr51\libc.a(mulsi10.o)
                0x00008a6c                __mulsi_const_10
 .text.avr-libc
                0x00008a96       0x10 c:/winavr-20100110/bin/../lib/gcc/avr/4.3.3/../../../../avr/lib/avr51\libc.a(mul10.o)
                0x00008a96                __mulhi_const_10
 .text.avr-libc
                0x00008aa6       0x62 c:/winavr-20100110/bin/../lib/gcc/avr/4.3.3/../../../../avr/lib/avr51\libc.a(sprintf.o)
                0x00008aa6                sprintf
 .text.avr-libc
                0x00008b08      0x40c c:/winavr-20100110/bin/../lib/gcc/avr/4.3.3/../../../../avr/lib/avr51\libc.a(vfprintf_std.o)
                0x00008b08                vfprintf
 .text.avr-libc
                0x00008f14       0x16 c:/winavr-20100110/bin/../lib/gcc/avr/4.3.3/../../../../avr/lib/avr51\libc.a(strnlen_P.o)
                0x00008f14                strnlen_P
 .text.avr-libc
                0x00008f2a       0x16 c:/winavr-20100110/bin/../lib/gcc/avr/4.3.3/../../../../avr/lib/avr51\libc.a(strnlen.o)
                0x00008f2a                strnlen
 .text.avr-libc
                0x00008f40       0x58 c:/winavr-20100110/bin/../lib/gcc/avr/4.3.3/../../../../avr/lib/avr51\libc.a(fputc.o)
                0x00008f40                fputc
 .text.avr-libc
                0x00008f98       0xbc c:/winavr-20100110/bin/../lib/gcc/avr/4.3.3/../../../../avr/lib/avr51\libc.a(ultoa_invert.o)
                0x00008f98                __ultoa_invert
                0x00009054                . = ALIGN (0x2)
 *(.fini9)
 .fini9         0x00009054        0x0 c:/winavr-20100110/bin/../lib/gcc/avr/4.3.3/avr51\libgcc.a(_exit.o)
                0x00009054                exit
                0x00009054                _exit
 *(.fini9)
 *(.fini8)
 *(.fini8)
 *(.fini7)
 *(.fini7)
 *(.fini6)
 *(.fini6)
 *(.fini5)
 *(.fini5)
 *(.fini4)
 *(.fini4)
 *(.fini3)
 *(.fini3)
 *(.fini2)
 *(.fini2)
 *(.fini1)
 *(.fini1)
 *(.fini0)
 .fini0         0x00009054        0x4 c:/winavr-20100110/bin/../lib/gcc/avr/4.3.3/avr51\libgcc.a(_exit.o)
 *(.fini0)
                0x00009058                _etext = .

.data           0x00800100       0x34 load address 0x00009058
                0x00800100                PROVIDE (__data_start, .)
 *(.data)
 .data          0x00800100        0x0 c:/winavr-20100110/bin/../lib/gcc/avr/4.3.3/../../../../avr/lib/avr51/crtcan128.o
 .data          0x00800100        0x0 ./fat/byteordering.o
 .data          0x00800100        0xd ./fat/fat.o
 .data          0x0080010d        0x0 ./fat/partition.o
 .data          0x0080010d        0x0 ./fat/sd_raw.o
 .data          0x0080010d        0x0 ./fat/uart.o
 .data          0x0080010d        0x0 ./can.o
 .data          0x0080010d        0x8 ./datalogger.o
 .data          0x00800115        0x0 ./gps.o
 .data          0x00800115       0x1f ./log.o
 .data          0x00800134        0x0 ./systimer.o
 .data          0x00800134        0x0 c:/winavr-20100110/bin/../lib/gcc/avr/4.3.3/avr51\libgcc.a(_mulsi3.o)
 .data          0x00800134        0x0 c:/winavr-20100110/bin/../lib/gcc/avr/4.3.3/avr51\libgcc.a(_udivmodhi4.o)
 .data          0x00800134        0x0 c:/winavr-20100110/bin/../lib/gcc/avr/4.3.3/avr51\libgcc.a(_divmodhi4.o)
 .data          0x00800134        0x0 c:/winavr-20100110/bin/../lib/gcc/avr/4.3.3/avr51\libgcc.a(_udivmodsi4.o)
 .data          0x00800134        0x0 c:/winavr-20100110/bin/../lib/gcc/avr/4.3.3/avr51\libgcc.a(_exit.o)
 .data          0x00800134        0x0 c:/winavr-20100110/bin/../lib/gcc/avr/4.3.3/avr51\libgcc.a(_clear_bss.o)
 .data          0x00800134        0x0 c:/winavr-20100110/bin/../lib/gcc/avr/4.3.3/avr51\libgcc.a(_muldi3.o)
 .data          0x00800134        0x0 c:/winavr-20100110/bin/../lib/gcc/avr/4.3.3/avr51\libgcc.a(_lshrdi3.o)
 .data          0x00800134        0x0 c:/winavr-20100110/bin/../lib/gcc/avr/4.3.3/avr51\libgcc.a(_ashldi3.o)
 .data          0x00800134        0x0 c:/winavr-20100110/bin/../lib/gcc/avr/4.3.3/avr51\libgcc.a(_prologue.o)
 .data          0x00800134        0x0 c:/winavr-20100110/bin/../lib/gcc/avr/4.3.3/avr51\libgcc.a(_epilogue.o)
 .data          0x00800134        0x0 c:/winavr-20100110/bin/../lib/gcc/avr/4.3.3/../../../../avr/lib/avr51\libc.a(atoi.o)
 .data          0x00800134        0x0 c:/winavr-20100110/bin/../lib/gcc/avr/4.3.3/../../../../avr/lib/avr51\libc.a(atol.o)
 .data          0x00800134        0x0 c:/winavr-20100110/bin/../lib/gcc/avr/4.3.3/../../../../avr/lib/avr51\libc.a(memcpy.o)
 .data          0x00800134        0x0 c:/winavr-20100110/bin/../lib/gcc/avr/4.3.3/../../../../avr/lib/avr51\libc.a(memset.o)
 .data          0x00800134        0x0 c:/winavr-20100110/bin/../lib/gcc/avr/4.3.3/../../../../avr/lib/avr51\libc.a(strchr.o)
 .data          0x00800134        0x0 c:/winavr-20100110/bin/../lib/gcc/avr/4.3.3/../../../../avr/lib/avr51\libc.a(strcmp.o)
 .data          0x00800134        0x0 c:/winavr-20100110/bin/../lib/gcc/avr/4.3.3/../../../../avr/lib/avr51\libc.a(strncmp.o)
 .data          0x00800134        0x0 c:/winavr-20100110/bin/../lib/gcc/avr/4.3.3/../../../../avr/lib/avr51\libc.a(strncpy.o)
 .data          0x00800134        0x0 c:/winavr-20100110/bin/../lib/gcc/avr/4.3.3/../../../../avr/lib/avr51\libc.a(strrchr.o)
 .data          0x00800134        0x0 c:/winavr-20100110/bin/../lib/gcc/avr/4.3.3/../../../../avr/lib/avr51\libc.a(mulsi10.o)
 .data          0x00800134        0x0 c:/winavr-20100110/bin/../lib/gcc/avr/4.3.3/../../../../avr/lib/avr51\libc.a(mul10.o)
 .data          0x00800134        0x0 c:/winavr-20100110/bin/../lib/gcc/avr/4.3.3/../../../../avr/lib/avr51\libc.a(sprintf.o)
 .data          0x00800134        0x0 c:/winavr-20100110/bin/../lib/gcc/avr/4.3.3/../../../../avr/lib/avr51\libc.a(vfprintf_std.o)
 .data          0x00800134        0x0 c:/winavr-20100110/bin/../lib/gcc/avr/4.3.3/../../../../avr/lib/avr51\libc.a(strnlen_P.o)
 .data          0x00800134        0x0 c:/winavr-20100110/bin/../lib/gcc/avr/4.3.3/../../../../avr/lib/avr51\libc.a(strnlen.o)
 .data          0x00800134        0x0 c:/winavr-20100110/bin/../lib/gcc/avr/4.3.3/../../../../avr/lib/avr51\libc.a(fputc.o)
 .data          0x00800134        0x0 c:/winavr-20100110/bin/../lib/gcc/avr/4.3.3/../../../../avr/lib/avr51\libc.a(ultoa_invert.o)
 *(.data*)
 *(.rodata)
 *(.rodata*)
 *(.gnu.linkonce.d*)
                0x00800134                . = ALIGN (0x2)
                0x00800134                _edata = .
                0x00800134                PROVIDE (__data_end, .)

.bss            0x00800134      0x743
                0x00800134                PROVIDE (__bss_start, .)
 *(.bss)
 .bss           0x00800134        0x0 c:/winavr-20100110/bin/../lib/gcc/avr/4.3.3/../../../../avr/lib/avr51/crtcan128.o
 .bss           0x00800134        0x0 ./fat/byteordering.o
 .bss           0x00800134       0xe3 ./fat/fat.o
 .bss           0x00800217       0x11 ./fat/partition.o
 .bss           0x00800228      0x20a ./fat/sd_raw.o
 .bss           0x00800432        0x0 ./fat/uart.o
 .bss           0x00800432        0x0 ./can.o
 .bss           0x00800432        0x5 ./datalogger.o
                0x00800436                data_chg
                0x00800432                glb_tmr
 .bss           0x00800437        0x0 ./gps.o
 .bss           0x00800437        0x5 ./log.o
                0x0080043b                log_status
                0x00800437                log_timer
 .bss           0x0080043c        0x4 ./systimer.o
                0x0080043c                systimer_10ms
 .bss           0x00800440        0x0 c:/winavr-20100110/bin/../lib/gcc/avr/4.3.3/avr51\libgcc.a(_mulsi3.o)
 .bss           0x00800440        0x0 c:/winavr-20100110/bin/../lib/gcc/avr/4.3.3/avr51\libgcc.a(_udivmodhi4.o)
 .bss           0x00800440        0x0 c:/winavr-20100110/bin/../lib/gcc/avr/4.3.3/avr51\libgcc.a(_divmodhi4.o)
 .bss           0x00800440        0x0 c:/winavr-20100110/bin/../lib/gcc/avr/4.3.3/avr51\libgcc.a(_udivmodsi4.o)
 .bss           0x00800440        0x0 c:/winavr-20100110/bin/../lib/gcc/avr/4.3.3/avr51\libgcc.a(_exit.o)
 .bss           0x00800440        0x0 c:/winavr-20100110/bin/../lib/gcc/avr/4.3.3/avr51\libgcc.a(_clear_bss.o)
 .bss           0x00800440        0x0 c:/winavr-20100110/bin/../lib/gcc/avr/4.3.3/avr51\libgcc.a(_muldi3.o)
 .bss           0x00800440        0x0 c:/winavr-20100110/bin/../lib/gcc/avr/4.3.3/avr51\libgcc.a(_lshrdi3.o)
 .bss           0x00800440        0x0 c:/winavr-20100110/bin/../lib/gcc/avr/4.3.3/avr51\libgcc.a(_ashldi3.o)
 .bss           0x00800440        0x0 c:/winavr-20100110/bin/../lib/gcc/avr/4.3.3/avr51\libgcc.a(_prologue.o)
 .bss           0x00800440        0x0 c:/winavr-20100110/bin/../lib/gcc/avr/4.3.3/avr51\libgcc.a(_epilogue.o)
 .bss           0x00800440        0x0 c:/winavr-20100110/bin/../lib/gcc/avr/4.3.3/../../../../avr/lib/avr51\libc.a(atoi.o)
 .bss           0x00800440        0x0 c:/winavr-20100110/bin/../lib/gcc/avr/4.3.3/../../../../avr/lib/avr51\libc.a(atol.o)
 .bss           0x00800440        0x0 c:/winavr-20100110/bin/../lib/gcc/avr/4.3.3/../../../../avr/lib/avr51\libc.a(memcpy.o)
 .bss           0x00800440        0x0 c:/winavr-20100110/bin/../lib/gcc/avr/4.3.3/../../../../avr/lib/avr51\libc.a(memset.o)
 .bss           0x00800440        0x0 c:/winavr-20100110/bin/../lib/gcc/avr/4.3.3/../../../../avr/lib/avr51\libc.a(strchr.o)
 .bss           0x00800440        0x0 c:/winavr-20100110/bin/../lib/gcc/avr/4.3.3/../../../../avr/lib/avr51\libc.a(strcmp.o)
 .bss           0x00800440        0x0 c:/winavr-20100110/bin/../lib/gcc/avr/4.3.3/../../../../avr/lib/avr51\libc.a(strncmp.o)
 .bss           0x00800440        0x0 c:/winavr-20100110/bin/../lib/gcc/avr/4.3.3/../../../../avr/lib/avr51\libc.a(strncpy.o)
 .bss           0x00800440        0x0 c:/winavr-20100110/bin/../lib/gcc/avr/4.3.3/../../../../avr/lib/avr51\libc.a(strrchr.o)
 .bss           0x00800440        0x0 c:/winavr-20100110/bin/../lib/gcc/avr/4.3.3/../../../../avr/lib/avr51\libc.a(mulsi10.o)
 .bss           0x00800440        0x0 c:/winavr-20100110/bin/../lib/gcc/avr/4.3.3/../../../../avr/lib/avr51\libc.a(mul10.o)
 .bss           0x00800440        0x0 c:/winavr-20100110/bin/../lib/gcc/avr/4.3.3/../../../../avr/lib/avr51\libc.a(sprintf.o)
 .bss           0x00800440        0x0 c:/winavr-20100110/bin/../lib/gcc/avr/4.3.3/../../../../avr/lib/avr51\libc.a(vfprintf_std.o)
 .bss           0x00800440        0x0 c:/winavr-20100110/bin/../lib/gcc/avr/4.3.3/../../../../avr/lib/avr51\libc.a(strnlen_P.o)
 .bss           0x00800440        0x0 c:/winavr-20100110/bin/../lib/gcc/avr/4.3.3/../../../../avr/lib/avr51\libc.a(strnlen.o)
 .bss           0x00800440        0x0 c:/winavr-20100110/bin/../lib/gcc/avr/4.3.3/../../../../avr/lib/avr51\libc.a(fputc.o)
 .bss           0x00800440        0x0 c:/winavr-20100110/bin/../lib/gcc/avr/4.3.3/../../../../avr/lib/avr51\libc.a(ultoa_invert.o)
 *(.bss*)
 *(COMMON)
 COMMON         0x00800440        0xf ./can.o
                0x00800440                msg_type_lu
 COMMON         0x0080044f       0x54 ./datalogger.o
                0x0080044f                systimer1
                0x00800453                gps
                0x0080049d                test_string
 COMMON         0x008004a3       0x44 ./gps.o
                0x008004a3                rx
                0x008004b2                gps_recv
 COMMON         0x008004e7      0x390 ./log.o
                0x008004e7                log_buf
                0x008006eb                sys
                0x008007ab                directory
                0x008007dc                partition
                0x008007de                log_dir
                0x0080080f                dd
                0x00800811                fsys
                0x00800813                f_log
                0x00800815                new_dir
                0x00800846                dir_ent
                0x00800877                PROVIDE (__bss_end, .)
                0x00009058                __data_load_start = LOADADDR (.data)
                0x0000908c                __data_load_end = (__data_load_start + SIZEOF (.data))

.noinit         0x00800877        0x0
                0x00800877                PROVIDE (__noinit_start, .)
 *(.noinit*)
                0x00800877                PROVIDE (__noinit_end, .)
                0x00800877                _end = .
                0x00800877                PROVIDE (__heap_start, .)

.eeprom         0x00810000        0x0
 *(.eeprom*)
                0x00810000                __eeprom_end = .

.fuse
 *(.fuse)
 *(.lfuse)
 *(.hfuse)
 *(.efuse)

.lock
 *(.lock*)

.signature
 *(.signature*)

.stab           0x00000000     0x7aac
 *(.stab)
 .stab          0x00000000      0x264 ./fat/byteordering.o
 .stab          0x00000264     0x2c4c ./fat/fat.o
                               0x2dc0 (size before relaxing)
 .stab          0x00002eb0      0x2b8 ./fat/partition.o
                                0x4c8 (size before relaxing)
 .stab          0x00003168     0x14e8 ./fat/sd_raw.o
                               0x168c (size before relaxing)
 .stab          0x00004650      0x798 ./fat/uart.o
                                0x960 (size before relaxing)
 .stab          0x00004de8      0x558 ./can.o
                                0x714 (size before relaxing)
 .stab          0x00005340     0x14dc ./datalogger.o
                               0x1824 (size before relaxing)
 .stab          0x0000681c      0x420 ./gps.o
                                0x5dc (size before relaxing)
 .stab          0x00006c3c      0xc54 ./log.o
                               0x1074 (size before relaxing)
 .stab          0x00007890      0x21c ./systimer.o
                                0x3d8 (size before relaxing)

.stabstr        0x00000000     0x45ad
 *(.stabstr)
 .stabstr       0x00000000     0x45ad ./fat/byteordering.o

.stab.excl
 *(.stab.excl)

.stab.exclstr
 *(.stab.exclstr)

.stab.index
 *(.stab.index)

.stab.indexstr
 *(.stab.indexstr)

.comment
 *(.comment)

.debug
 *(.debug)

.line
 *(.line)

.debug_srcinfo
 *(.debug_srcinfo)

.debug_sfnames
 *(.debug_sfnames)

.debug_aranges  0x00000000       0x60
 *(.debug_aranges)
 .debug_aranges
                0x00000000       0x20 c:/winavr-20100110/bin/../lib/gcc/avr/4.3.3/avr51\libgcc.a(_muldi3.o)
 .debug_aranges
                0x00000020       0x20 c:/winavr-20100110/bin/../lib/gcc/avr/4.3.3/avr51\libgcc.a(_lshrdi3.o)
 .debug_aranges
                0x00000040       0x20 c:/winavr-20100110/bin/../lib/gcc/avr/4.3.3/avr51\libgcc.a(_ashldi3.o)

.debug_pubnames
                0x00000000       0x5f
 *(.debug_pubnames)
 .debug_pubnames
                0x00000000       0x1f c:/winavr-20100110/bin/../lib/gcc/avr/4.3.3/avr51\libgcc.a(_muldi3.o)
 .debug_pubnames
                0x0000001f       0x20 c:/winavr-20100110/bin/../lib/gcc/avr/4.3.3/avr51\libgcc.a(_lshrdi3.o)
 .debug_pubnames
                0x0000003f       0x20 c:/winavr-20100110/bin/../lib/gcc/avr/4.3.3/avr51\libgcc.a(_ashldi3.o)

.debug_info     0x00000000      0x504
 *(.debug_info)
 .debug_info    0x00000000      0x206 c:/winavr-20100110/bin/../lib/gcc/avr/4.3.3/avr51\libgcc.a(_muldi3.o)
 .debug_info    0x00000206      0x17f c:/winavr-20100110/bin/../lib/gcc/avr/4.3.3/avr51\libgcc.a(_lshrdi3.o)
 .debug_info    0x00000385      0x17f c:/winavr-20100110/bin/../lib/gcc/avr/4.3.3/avr51\libgcc.a(_ashldi3.o)
 *(.gnu.linkonce.wi.*)

.debug_abbrev   0x00000000      0x2cc
 *(.debug_abbrev)
 .debug_abbrev  0x00000000       0xf0 c:/winavr-20100110/bin/../lib/gcc/avr/4.3.3/avr51\libgcc.a(_muldi3.o)
 .debug_abbrev  0x000000f0       0xee c:/winavr-20100110/bin/../lib/gcc/avr/4.3.3/avr51\libgcc.a(_lshrdi3.o)
 .debug_abbrev  0x000001de       0xee c:/winavr-20100110/bin/../lib/gcc/avr/4.3.3/avr51\libgcc.a(_ashldi3.o)

.debug_line     0x00000000      0x25d
 *(.debug_line)
 .debug_line    0x00000000       0xaf c:/winavr-20100110/bin/../lib/gcc/avr/4.3.3/avr51\libgcc.a(_muldi3.o)
 .debug_line    0x000000af       0xd7 c:/winavr-20100110/bin/../lib/gcc/avr/4.3.3/avr51\libgcc.a(_lshrdi3.o)
 .debug_line    0x00000186       0xd7 c:/winavr-20100110/bin/../lib/gcc/avr/4.3.3/avr51\libgcc.a(_ashldi3.o)

.debug_frame    0x00000000       0x60
 *(.debug_frame)
 .debug_frame   0x00000000       0x20 c:/winavr-20100110/bin/../lib/gcc/avr/4.3.3/avr51\libgcc.a(_muldi3.o)
 .debug_frame   0x00000020       0x20 c:/winavr-20100110/bin/../lib/gcc/avr/4.3.3/avr51\libgcc.a(_lshrdi3.o)
 .debug_frame   0x00000040       0x20 c:/winavr-20100110/bin/../lib/gcc/avr/4.3.3/avr51\libgcc.a(_ashldi3.o)

.debug_str      0x00000000      0x127
 *(.debug_str)
 .debug_str     0x00000000       0xfa c:/winavr-20100110/bin/../lib/gcc/avr/4.3.3/avr51\libgcc.a(_muldi3.o)
                                0x140 (size before relaxing)
 .debug_str     0x000000fa       0x23 c:/winavr-20100110/bin/../lib/gcc/avr/4.3.3/avr51\libgcc.a(_lshrdi3.o)
                                0x132 (size before relaxing)
 .debug_str     0x0000011d        0xa c:/winavr-20100110/bin/../lib/gcc/avr/4.3.3/avr51\libgcc.a(_ashldi3.o)
                                0x132 (size before relaxing)

.debug_loc      0x00000000      0x2bc
 *(.debug_loc)
 .debug_loc     0x00000000       0xcc c:/winavr-20100110/bin/../lib/gcc/avr/4.3.3/avr51\libgcc.a(_muldi3.o)
 .debug_loc     0x000000cc       0xf8 c:/winavr-20100110/bin/../lib/gcc/avr/4.3.3/avr51\libgcc.a(_lshrdi3.o)
 .debug_loc     0x000001c4       0xf8 c:/winavr-20100110/bin/../lib/gcc/avr/4.3.3/avr51\libgcc.a(_ashldi3.o)

.debug_macinfo
 *(.debug_macinfo)
OUTPUT(DLGR.elf elf32-avr)
LOAD linker stubs
