Archive member included because of file (symbol)

d:/my_pgm/winavr/winavr20070122/bin/../lib/gcc/avr/4.1.1/avr5\libgcc.a(_clear_bss.o)
                              main_it_can_test.o (__do_clear_bss)

Allocating common symbols
Common symbol       size              file

can_descript_list   0x1c              can_it_lib.o

Discarded input sections

 .stabstr       0x00000000        0x0 d:/my_pgm/winavr/winavr20070122/bin/../lib/gcc/avr/4.1.1/../../../../avr/lib/avr5/crtcan128.o

Memory Configuration

Name             Origin             Length             Attributes
text             0x00000000         0x00020000         xr
data             0x00800060         0x0000ffa0         rw !x
eeprom           0x00810000         0x00010000         rw !x
*default*        0x00000000         0xffffffff

Linker script and memory map

Address of section .data set to 0x800100
LOAD d:/my_pgm/winavr/winavr20070122/bin/../lib/gcc/avr/4.1.1/../../../../avr/lib/avr5/crtcan128.o
LOAD main_it_can_test.o
LOAD can_it_lib.o
LOAD can_it_drv.o
LOAD d:/my_pgm/winavr/winavr20070122/bin/../lib/gcc/avr/4.1.1/avr5\libgcc.a
LOAD d:/my_pgm/winavr/winavr20070122/bin/../lib/gcc/avr/4.1.1/../../../../avr/lib/avr5\libc.a
LOAD d:/my_pgm/winavr/winavr20070122/bin/../lib/gcc/avr/4.1.1/avr5\libgcc.a

.hash
 *(.hash)

.dynsym
 *(.dynsym)

.dynstr
 *(.dynstr)

.gnu.version
 *(.gnu.version)

.gnu.version_d
 *(.gnu.version_d)

.gnu.version_r
 *(.gnu.version_r)

.rel.init
 *(.rel.init)

.rela.init
 *(.rela.init)

.rel.text
 *(.rel.text)
 *(.rel.text.*)
 *(.rel.gnu.linkonce.t*)

.rela.text
 *(.rela.text)
 *(.rela.text.*)
 *(.rela.gnu.linkonce.t*)

.rel.fini
 *(.rel.fini)

.rela.fini
 *(.rela.fini)

.rel.rodata
 *(.rel.rodata)
 *(.rel.rodata.*)
 *(.rel.gnu.linkonce.r*)

.rela.rodata
 *(.rela.rodata)
 *(.rela.rodata.*)
 *(.rela.gnu.linkonce.r*)

.rel.data
 *(.rel.data)
 *(.rel.data.*)
 *(.rel.gnu.linkonce.d*)

.rela.data
 *(.rela.data)
 *(.rela.data.*)
 *(.rela.gnu.linkonce.d*)

.rel.ctors
 *(.rel.ctors)

.rela.ctors
 *(.rela.ctors)

.rel.dtors
 *(.rel.dtors)

.rela.dtors
 *(.rela.dtors)

.rel.got
 *(.rel.got)

.rela.got
 *(.rela.got)

.rel.bss
 *(.rel.bss)

.rela.bss
 *(.rela.bss)

.rel.plt
 *(.rel.plt)

.rela.plt
 *(.rela.plt)

.text           0x00000000     0x1f8e
 *(.vectors)
 .vectors       0x00000000       0x94 d:/my_pgm/winavr/winavr20070122/bin/../lib/gcc/avr/4.1.1/../../../../avr/lib/avr5/crtcan128.o
                0x00000000                __vectors
                0x00000000                __vector_default
 *(.vectors)
 *(.progmem.gcc*)
 *(.progmem*)
                0x00000094                . = ALIGN (0x2)
                0x00000094                __trampolines_start = .
 *(.trampolines)
 .trampolines   0x00000094        0x0 linker stubs
 *(.trampolines*)
                0x00000094                __trampolines_end = .
 *(.jumptables)
 *(.jumptables*)
 *(.lowtext)
 *(.lowtext*)
                0x00000094                __ctors_start = .
 *(.ctors)
                0x00000094                __ctors_end = .
                0x00000094                __dtors_start = .
 *(.dtors)
                0x00000094                __dtors_end = .
 SORT(*)(.ctors)
 SORT(*)(.dtors)
 *(.init0)
 .init0         0x00000094        0x0 d:/my_pgm/winavr/winavr20070122/bin/../lib/gcc/avr/4.1.1/../../../../avr/lib/avr5/crtcan128.o
                0x00000094                __init
 *(.init0)
 *(.init1)
 *(.init1)
 *(.init2)
 .init2         0x00000094        0xc d:/my_pgm/winavr/winavr20070122/bin/../lib/gcc/avr/4.1.1/../../../../avr/lib/avr5/crtcan128.o
 *(.init2)
 *(.init3)
 *(.init3)
 *(.init4)
 .init4         0x000000a0       0x1a d:/my_pgm/winavr/winavr20070122/bin/../lib/gcc/avr/4.1.1/../../../../avr/lib/avr5/crtcan128.o
                0x000000a0                __do_copy_data
 .init4         0x000000ba       0x10 d:/my_pgm/winavr/winavr20070122/bin/../lib/gcc/avr/4.1.1/avr5\libgcc.a(_clear_bss.o)
                0x000000ba                __do_clear_bss
 *(.init4)
 *(.init5)
 *(.init5)
 *(.init6)
 *(.init6)
 *(.init7)
 *(.init7)
 *(.init8)
 *(.init8)
 *(.init9)
 .init9         0x000000ca        0x4 d:/my_pgm/winavr/winavr20070122/bin/../lib/gcc/avr/4.1.1/../../../../avr/lib/avr5/crtcan128.o
 *(.init9)
 *(.text)
 .text          0x000000ce        0x4 d:/my_pgm/winavr/winavr20070122/bin/../lib/gcc/avr/4.1.1/../../../../avr/lib/avr5/crtcan128.o
                0x000000ce                __vector_22
                0x000000ce                __vector_28
                0x000000ce                __vector_1
                0x000000ce                __vector_32
                0x000000ce                __vector_34
                0x000000ce                __vector_24
                0x000000ce                __vector_12
                0x000000ce                __bad_interrupt
                0x000000ce                __vector_6
                0x000000ce                __vector_31
                0x000000ce                __vector_35
                0x000000ce                __vector_3
                0x000000ce                __vector_23
                0x000000ce                __vector_30
                0x000000ce                __vector_25
                0x000000ce                __vector_11
                0x000000ce                __vector_13
                0x000000ce                __vector_17
                0x000000ce                __vector_19
                0x000000ce                __vector_7
                0x000000ce                __vector_27
                0x000000ce                __vector_5
                0x000000ce                __vector_33
                0x000000ce                __vector_4
                0x000000ce                __vector_9
                0x000000ce                __vector_2
                0x000000ce                __vector_21
                0x000000ce                __vector_15
                0x000000ce                __vector_36
                0x000000ce                __vector_29
                0x000000ce                __vector_8
                0x000000ce                __vector_26
                0x000000ce                __vector_14
                0x000000ce                __vector_10
                0x000000ce                __vector_16
                0x000000ce                __vector_20
 .text          0x000000d2      0x142 main_it_can_test.o
                0x000000d2                main
 .text          0x00000214     0x1646 can_it_lib.o
                0x00000214                can_init
                0x00000298                can_cmd
                0x00001542                __vector_18
 .text          0x0000185a      0x734 can_it_drv.o
                0x000018d6                can_get_mob_free
                0x00001f18                can_get_general_interrupt
                0x00001958                can_get_mob_status
                0x000019e6                can_get_data
                0x0000185a                can_clear_all_mob
                0x00001a4a                can_auto_baudrate
                0x00001ecc                can_fixed_baudrate
 .text          0x00001f8e        0x0 d:/my_pgm/winavr/winavr20070122/bin/../lib/gcc/avr/4.1.1/avr5\libgcc.a(_clear_bss.o)
                0x00001f8e                . = ALIGN (0x2)
 *(.text.*)
 .text.libgcc   0x00001f8e        0x0 d:/my_pgm/winavr/winavr20070122/bin/../lib/gcc/avr/4.1.1/avr5\libgcc.a(_clear_bss.o)
                0x00001f8e                . = ALIGN (0x2)
 *(.fini9)
 *(.fini9)
 *(.fini8)
 *(.fini8)
 *(.fini7)
 *(.fini7)
 *(.fini6)
 *(.fini6)
 *(.fini5)
 *(.fini5)
 *(.fini4)
 *(.fini4)
 *(.fini3)
 *(.fini3)
 *(.fini2)
 *(.fini2)
 *(.fini1)
 *(.fini1)
 *(.fini0)
 *(.fini0)
                0x00001f8e                _etext = .

.data           0x00800100        0x0 load address 0x00001f8e
                0x00800100                PROVIDE (__data_start, .)
 *(.data)
 .data          0x00800100        0x0 d:/my_pgm/winavr/winavr20070122/bin/../lib/gcc/avr/4.1.1/../../../../avr/lib/avr5/crtcan128.o
 .data          0x00800100        0x0 main_it_can_test.o
 .data          0x00800100        0x0 can_it_lib.o
 .data          0x00800100        0x0 can_it_drv.o
 .data          0x00800100        0x0 d:/my_pgm/winavr/winavr20070122/bin/../lib/gcc/avr/4.1.1/avr5\libgcc.a(_clear_bss.o)
 *(.data*)
 *(.rodata)
 *(.rodata*)
 *(.gnu.linkonce.d*)
                0x00800100                . = ALIGN (0x2)
                0x00800100                _edata = .
                0x00800100                PROVIDE (__data_end, .)

.bss            0x00800100       0x22
                0x00800100                PROVIDE (__bss_start, .)
 *(.bss)
 .bss           0x00800100        0x0 d:/my_pgm/winavr/winavr20070122/bin/../lib/gcc/avr/4.1.1/../../../../avr/lib/avr5/crtcan128.o
 .bss           0x00800100        0x0 main_it_can_test.o
 .bss           0x00800100        0x6 can_it_lib.o
                0x00800104                can_manag_error_count
                0x00800100                can_bus_off_count
                0x00800102                can_general_error_count
 .bss           0x00800106        0x0 can_it_drv.o
 .bss           0x00800106        0x0 d:/my_pgm/winavr/winavr20070122/bin/../lib/gcc/avr/4.1.1/avr5\libgcc.a(_clear_bss.o)
 *(.bss*)
 *(COMMON)
 COMMON         0x00800106       0x1c can_it_lib.o
                0x00800106                can_descript_list
                0x00800122                PROVIDE (__bss_end, .)
                0x00001f8e                __data_load_start = LOADADDR (.data)
                0x00001f8e                __data_load_end = (__data_load_start + SIZEOF (.data))

.noinit         0x00800122        0x0
                0x00800122                PROVIDE (__noinit_start, .)
 *(.noinit*)
                0x00800122                PROVIDE (__noinit_end, .)
                0x00800122                _end = .
                0x00800122                PROVIDE (__heap_start, .)

.eeprom         0x00810000        0x0
 *(.eeprom*)
                0x00810000                __eeprom_end = .

.stab           0x00000000      0x408
 *(.stab)
 .stab          0x00000000      0x408 d:/my_pgm/winavr/winavr20070122/bin/../lib/gcc/avr/4.1.1/../../../../avr/lib/avr5/crtcan128.o

.stabstr        0x00000000       0x84
 *(.stabstr)
 .stabstr       0x00000000       0x84 d:/my_pgm/winavr/winavr20070122/bin/../lib/gcc/avr/4.1.1/../../../../avr/lib/avr5/crtcan128.o

.stab.excl
 *(.stab.excl)

.stab.exclstr
 *(.stab.exclstr)

.stab.index
 *(.stab.index)

.stab.indexstr
 *(.stab.indexstr)

.comment
 *(.comment)

.debug
 *(.debug)

.line
 *(.line)

.debug_srcinfo
 *(.debug_srcinfo)

.debug_sfnames
 *(.debug_sfnames)

.debug_aranges  0x00000000       0x60
 *(.debug_aranges)
 .debug_aranges
                0x00000000       0x20 main_it_can_test.o
 .debug_aranges
                0x00000020       0x20 can_it_lib.o
 .debug_aranges
                0x00000040       0x20 can_it_drv.o

.debug_pubnames
                0x00000000      0x168
 *(.debug_pubnames)
 .debug_pubnames
                0x00000000       0x1b main_it_can_test.o
 .debug_pubnames
                0x0000001b       0x9d can_it_lib.o
 .debug_pubnames
                0x000000b8       0xb0 can_it_drv.o

.debug_info     0x00000000      0xdab
 *(.debug_info)
 .debug_info    0x00000000      0x407 main_it_can_test.o
 .debug_info    0x00000407      0x505 can_it_lib.o
 .debug_info    0x0000090c      0x49f can_it_drv.o
 *(.gnu.linkonce.wi.*)

.debug_abbrev   0x00000000      0x2e4
 *(.debug_abbrev)
 .debug_abbrev  0x00000000       0xcd main_it_can_test.o
 .debug_abbrev  0x000000cd      0x11c can_it_lib.o
 .debug_abbrev  0x000001e9       0xfb can_it_drv.o

.debug_line     0x00000000      0xdf9
 *(.debug_line)
 .debug_line    0x00000000      0x292 main_it_can_test.o
 .debug_line    0x00000292      0x5e3 can_it_lib.o
 .debug_line    0x00000875      0x584 can_it_drv.o

.debug_frame    0x00000000       0xe0
 *(.debug_frame)
 .debug_frame   0x00000000       0x20 main_it_can_test.o
 .debug_frame   0x00000020       0x40 can_it_lib.o
 .debug_frame   0x00000060       0x80 can_it_drv.o

.debug_str      0x00000000       0x3d
 *(.debug_str)
 .debug_str     0x00000000        0xd main_it_can_test.o
 .debug_str     0x0000000d        0xd can_it_lib.o
 .debug_str     0x0000001a       0x23 can_it_drv.o

.debug_loc
 *(.debug_loc)

.debug_macinfo
 *(.debug_macinfo)
OUTPUT(it_can_test_gcc.elf elf32-avr)
LOAD linker stubs
