Archive member included because of file (symbol)

d:/my_pgm/winavr/winavr20070122/bin/../lib/gcc/avr/4.1.1/avr5\libgcc.a(_udivmodsi4.o)
                              uart_drv.o (__udivmodsi4)
d:/my_pgm/winavr/winavr20070122/bin/../lib/gcc/avr/4.1.1/avr5\libgcc.a(_clear_bss.o)
                              main_can_uart_bootloader_example.o (__do_clear_bss)

Allocating common symbols
Common symbol       size              file

local_buffer        0x100             isp_lib.o
isp_start_address   0x2               isp_lib.o
isp_number_of_bytes
                    0x2               isp_lib.o
isp_select_memory   0x1               isp_lib.o
can_isp_rx_buffer   0x8               can_isp_protocol.o
can_communication_opened
                    0x1               can_isp_protocol.o
hex_offset          0x2               uart_isp_protocol.o
uart_selected       0x1               uart_drv.o
can_isp_rx_msg      0xb               can_isp_protocol.o
loc_buf_index       0x2               isp_lib.o
hex_record_length   0x1               uart_isp_protocol.o
hex_record_type     0x1               uart_isp_protocol.o
uart_isp_rx_buffer  0x4               uart_isp_protocol.o
base_isp_id         0x2               can_isp_protocol.o
isp_select_page     0x1               isp_lib.o
isp_number_of_bytes_copy
                    0x2               isp_lib.o
isp_start_address_copy
                    0x2               isp_lib.o
can_isp_tx_msg      0xb               can_isp_protocol.o
isp_prog_on_going   0x1               can_isp_protocol.o
uart_communication_opened
                    0x1               uart_isp_protocol.o
uart_isp_tx_buffer  0x13              uart_isp_protocol.o
hex_computed_chk    0x1               uart_isp_protocol.o
can_isp_tx_buffer   0x8               can_isp_protocol.o

Discarded input sections

 .stabstr       0x00000000        0x0 d:/my_pgm/winavr/winavr20070122/bin/../lib/gcc/avr/4.1.1/../../../../avr/lib/avr5/crtcan128.o

Memory Configuration

Name             Origin             Length             Attributes
text             0x00000000         0x00020000         xr
data             0x00800060         0x0000ffa0         rw !x
eeprom           0x00810000         0x00010000         rw !x
*default*        0x00000000         0xffffffff

Linker script and memory map

Address of section .data set to 0x800100
LOAD d:/my_pgm/winavr/winavr20070122/bin/../lib/gcc/avr/4.1.1/../../../../avr/lib/avr5/crtcan128.o
Address of section .bootconf set to 0x1fff0
Address of section .flashapi set to 0x1fffa
Address of section .text set to 0x1e000
LOAD main_can_uart_bootloader_example.o
LOAD flash_api_lib.o
LOAD flash_boot_drv.o
LOAD flash_boot_lib.o
LOAD can_drv.o
LOAD can_isp_protocol.o
LOAD reduced_can_lib.o
LOAD eeprom_lib.o
LOAD uart_drv.o
LOAD uart_isp_protocol.o
LOAD uart_lib.o
LOAD isp_lib.o
LOAD d:/my_pgm/winavr/winavr20070122/bin/../lib/gcc/avr/4.1.1/avr5\libgcc.a
LOAD d:/my_pgm/winavr/winavr20070122/bin/../lib/gcc/avr/4.1.1/../../../../avr/lib/avr5\libc.a
LOAD d:/my_pgm/winavr/winavr20070122/bin/../lib/gcc/avr/4.1.1/avr5\libgcc.a

.hash
 *(.hash)

.dynsym
 *(.dynsym)

.dynstr
 *(.dynstr)

.gnu.version
 *(.gnu.version)

.gnu.version_d
 *(.gnu.version_d)

.gnu.version_r
 *(.gnu.version_r)

.rel.init
 *(.rel.init)

.rela.init
 *(.rela.init)

.rel.text
 *(.rel.text)
 *(.rel.text.*)
 *(.rel.gnu.linkonce.t*)

.rela.text
 *(.rela.text)
 *(.rela.text.*)
 *(.rela.gnu.linkonce.t*)

.rel.fini
 *(.rel.fini)

.rela.fini
 *(.rela.fini)

.rel.rodata
 *(.rel.rodata)
 *(.rel.rodata.*)
 *(.rel.gnu.linkonce.r*)

.rela.rodata
 *(.rela.rodata)
 *(.rela.rodata.*)
 *(.rela.gnu.linkonce.r*)

.rel.data
 *(.rel.data)
 *(.rel.data.*)
 *(.rel.gnu.linkonce.d*)

.rela.data
 *(.rela.data)
 *(.rela.data.*)
 *(.rela.gnu.linkonce.d*)

.rel.ctors
 *(.rel.ctors)

.rela.ctors
 *(.rela.ctors)

.rel.dtors
 *(.rel.dtors)

.rela.dtors
 *(.rela.dtors)

.rel.got
 *(.rel.got)

.rela.got
 *(.rela.got)

.rel.bss
 *(.rel.bss)

.rela.bss
 *(.rela.bss)

.rel.plt
 *(.rel.plt)

.rela.plt
 *(.rela.plt)

.text           0x0001e000     0x1fdc
 *(.vectors)
 .vectors       0x0001e000       0x94 d:/my_pgm/winavr/winavr20070122/bin/../lib/gcc/avr/4.1.1/../../../../avr/lib/avr5/crtcan128.o
                0x0001e000                __vectors
                0x0001e000                __vector_default
 *(.vectors)
 *(.progmem.gcc*)
 *(.progmem*)
                0x0001e094                . = ALIGN (0x2)
                0x0001e094                __trampolines_start = .
 *(.trampolines)
 .trampolines   0x0001e094        0x0 linker stubs
 *(.trampolines*)
                0x0001e094                __trampolines_end = .
 *(.jumptables)
 *(.jumptables*)
 *(.lowtext)
 *(.lowtext*)
                0x0001e094                __ctors_start = .
 *(.ctors)
                0x0001e094                __ctors_end = .
                0x0001e094                __dtors_start = .
 *(.dtors)
                0x0001e094                __dtors_end = .
 SORT(*)(.ctors)
 SORT(*)(.dtors)
 *(.init0)
 .init0         0x0001e094        0x0 d:/my_pgm/winavr/winavr20070122/bin/../lib/gcc/avr/4.1.1/../../../../avr/lib/avr5/crtcan128.o
                0x0001e094                __init
 *(.init0)
 *(.init1)
 *(.init1)
 *(.init2)
 .init2         0x0001e094        0xc d:/my_pgm/winavr/winavr20070122/bin/../lib/gcc/avr/4.1.1/../../../../avr/lib/avr5/crtcan128.o
 *(.init2)
 *(.init3)
 *(.init3)
 *(.init4)
 .init4         0x0001e0a0       0x1a d:/my_pgm/winavr/winavr20070122/bin/../lib/gcc/avr/4.1.1/../../../../avr/lib/avr5/crtcan128.o
                0x0001e0a0                __do_copy_data
 .init4         0x0001e0ba       0x10 d:/my_pgm/winavr/winavr20070122/bin/../lib/gcc/avr/4.1.1/avr5\libgcc.a(_clear_bss.o)
                0x0001e0ba                __do_clear_bss
 *(.init4)
 *(.init5)
 *(.init5)
 *(.init6)
 *(.init6)
 *(.init7)
 *(.init7)
 *(.init8)
 *(.init8)
 *(.init9)
 .init9         0x0001e0ca        0x4 d:/my_pgm/winavr/winavr20070122/bin/../lib/gcc/avr/4.1.1/../../../../avr/lib/avr5/crtcan128.o
 *(.init9)
 *(.text)
 .text          0x0001e0ce        0x4 d:/my_pgm/winavr/winavr20070122/bin/../lib/gcc/avr/4.1.1/../../../../avr/lib/avr5/crtcan128.o
                0x0001e0ce                __vector_22
                0x0001e0ce                __vector_28
                0x0001e0ce                __vector_1
                0x0001e0ce                __vector_32
                0x0001e0ce                __vector_34
                0x0001e0ce                __vector_24
                0x0001e0ce                __vector_12
                0x0001e0ce                __bad_interrupt
                0x0001e0ce                __vector_6
                0x0001e0ce                __vector_31
                0x0001e0ce                __vector_35
                0x0001e0ce                __vector_3
                0x0001e0ce                __vector_23
                0x0001e0ce                __vector_30
                0x0001e0ce                __vector_25
                0x0001e0ce                __vector_11
                0x0001e0ce                __vector_13
                0x0001e0ce                __vector_17
                0x0001e0ce                __vector_19
                0x0001e0ce                __vector_7
                0x0001e0ce                __vector_27
                0x0001e0ce                __vector_5
                0x0001e0ce                __vector_33
                0x0001e0ce                __vector_4
                0x0001e0ce                __vector_9
                0x0001e0ce                __vector_2
                0x0001e0ce                __vector_21
                0x0001e0ce                __vector_15
                0x0001e0ce                __vector_36
                0x0001e0ce                __vector_29
                0x0001e0ce                __vector_8
                0x0001e0ce                __vector_26
                0x0001e0ce                __vector_14
                0x0001e0ce                __vector_10
                0x0001e0ce                __vector_16
                0x0001e0ce                __vector_18
                0x0001e0ce                __vector_20
 .text          0x0001e0d2      0x13a main_can_uart_bootloader_example.o
                0x0001e0d2                main
 .text          0x0001e20c        0x0 flash_api_lib.o
 .text          0x0001e20c       0x4c flash_boot_drv.o
                0x0001e23e                flash_page_erase
                0x0001e224                flash_page_write
                0x0001e20c                flash_fill_temp_buffer
 .text          0x0001e258      0x2ca flash_boot_lib.o
                0x0001e258                flash_rd_byte
                0x0001e31a                flash_full_erase
                0x0001e4ec                flash_wr_byte
                0x0001e282                flash_rd_word
                0x0001e36a                flash_wr_block
                0x0001e2b4                flash_page_blank_check
 .text          0x0001e522      0x3ea can_drv.o
                0x0001e548                can_get_mob_free
                0x0001e580                can_get_mob_status
                0x0001e5b6                can_get_data
                0x0001e522                can_clear_all_mob
                0x0001e5e4                can_auto_baudrate
                0x0001e8f4                can_fixed_baudrate
 .text          0x0001e90c      0x532 can_isp_protocol.o
                0x0001e926                can_isp_send_error_frame
                0x0001e9dc                can_isp_protocol_task
                0x0001e948                can_isp_protocol_init
                0x0001e90c                can_isp_send_frame
 .text          0x0001ee3e      0x20a reduced_can_lib.o
                0x0001ef96                can_get_status
                0x0001ee3e                can_cmd
 .text          0x0001f048       0xa8 eeprom_lib.o
                0x0001f0ca                eeprom_rd_block
                0x0001f094                eeprom_full_erase
                0x0001f06c                eeprom_wr_block
                0x0001f05a                eeprom_wr_byte
                0x0001f048                eeprom_rd_byte
 .text          0x0001f0f0      0x2b2 uart_drv.o
                0x0001f0f0                uart_rx_get_3_data
                0x0001f158                uart_set_baudrate
                0x0001f12e                uart_rx_get_data
 .text          0x0001f3a2      0x4a0 uart_isp_protocol.o
                0x0001f4c8                uart_isp_protocol_task
                0x0001f484                uart_isp_getchar
                0x0001f3c4                uart_isp_putchar
                0x0001f3ec                uart_isp_send_frame
                0x0001f3a2                uart_isp_protocol_init
 .text          0x0001f842      0x1a2 uart_lib.o
                0x0001f894                uart_getchar
                0x0001f8d6                uart_init
                0x0001f842                uart_test_hit
                0x0001f85e                uart_putchar
 .text          0x0001f9e4      0x5b4 isp_lib.o
                0x0001f9fe                isp_set_page
                0x0001fa42                get_conf_byte
                0x0001fa1e                put_conf_block
                0x0001f9f8                isp_set_memory
                0x0001f9e4                isp_jump_to
                0x0001fc30                isp_read_block
                0x0001fa30                put_conf_byte
                0x0001ff3e                isp_memory_erase
                0x0001fb4e                isp_blank_check
                0x0001fa56                isp_prog_block
                0x0001fa04                isp_address_range
 .text          0x0001ff98        0x0 d:/my_pgm/winavr/winavr20070122/bin/../lib/gcc/avr/4.1.1/avr5\libgcc.a(_udivmodsi4.o)
 .text          0x0001ff98        0x0 d:/my_pgm/winavr/winavr20070122/bin/../lib/gcc/avr/4.1.1/avr5\libgcc.a(_clear_bss.o)
                0x0001ff98                . = ALIGN (0x2)
 *(.text.*)
 .text.libgcc   0x0001ff98       0x44 d:/my_pgm/winavr/winavr20070122/bin/../lib/gcc/avr/4.1.1/avr5\libgcc.a(_udivmodsi4.o)
                0x0001ff98                __udivmodsi4
 .text.libgcc   0x0001ffdc        0x0 d:/my_pgm/winavr/winavr20070122/bin/../lib/gcc/avr/4.1.1/avr5\libgcc.a(_clear_bss.o)
                0x0001ffdc                . = ALIGN (0x2)
 *(.fini9)
 *(.fini9)
 *(.fini8)
 *(.fini8)
 *(.fini7)
 *(.fini7)
 *(.fini6)
 *(.fini6)
 *(.fini5)
 *(.fini5)
 *(.fini4)
 *(.fini4)
 *(.fini3)
 *(.fini3)
 *(.fini2)
 *(.fini2)
 *(.fini1)
 *(.fini1)
 *(.fini0)
 *(.fini0)
                0x0001ffdc                _etext = .

.data           0x00800100        0xa load address 0x0001ffdc
                0x00800100                PROVIDE (__data_start, .)
 *(.data)
 .data          0x00800100        0x0 d:/my_pgm/winavr/winavr20070122/bin/../lib/gcc/avr/4.1.1/../../../../avr/lib/avr5/crtcan128.o
 .data          0x00800100        0x0 main_can_uart_bootloader_example.o
 .data          0x00800100        0x0 flash_api_lib.o
 .data          0x00800100        0x0 flash_boot_drv.o
 .data          0x00800100        0x0 flash_boot_lib.o
 .data          0x00800100        0x0 can_drv.o
 .data          0x00800100        0x0 can_isp_protocol.o
 .data          0x00800100        0x0 reduced_can_lib.o
 .data          0x00800100        0x0 eeprom_lib.o
 .data          0x00800100        0x0 uart_drv.o
 .data          0x00800100        0x0 uart_isp_protocol.o
 .data          0x00800100        0x0 uart_lib.o
 .data          0x00800100        0xa isp_lib.o
                0x00800100                boot_conf_default
 .data          0x0080010a        0x0 d:/my_pgm/winavr/winavr20070122/bin/../lib/gcc/avr/4.1.1/avr5\libgcc.a(_udivmodsi4.o)
 .data          0x0080010a        0x0 d:/my_pgm/winavr/winavr20070122/bin/../lib/gcc/avr/4.1.1/avr5\libgcc.a(_clear_bss.o)
 *(.data*)
 *(.rodata)
 *(.rodata*)
 *(.gnu.linkonce.d*)
                0x0080010a                . = ALIGN (0x2)
                0x0080010a                _edata = .
                0x0080010a                PROVIDE (__data_end, .)

.bss            0x0080010a      0x154
                0x0080010a                PROVIDE (__bss_start, .)
 *(.bss)
 .bss           0x0080010a        0x0 d:/my_pgm/winavr/winavr20070122/bin/../lib/gcc/avr/4.1.1/../../../../avr/lib/avr5/crtcan128.o
 .bss           0x0080010a        0x0 main_can_uart_bootloader_example.o
 .bss           0x0080010a        0x0 flash_api_lib.o
 .bss           0x0080010a        0x0 flash_boot_drv.o
 .bss           0x0080010a        0x0 flash_boot_lib.o
 .bss           0x0080010a        0x0 can_drv.o
 .bss           0x0080010a        0x0 can_isp_protocol.o
 .bss           0x0080010a        0x0 reduced_can_lib.o
 .bss           0x0080010a        0x0 eeprom_lib.o
 .bss           0x0080010a        0x0 uart_drv.o
 .bss           0x0080010a        0x0 uart_isp_protocol.o
 .bss           0x0080010a        0x0 uart_lib.o
 .bss           0x0080010a        0x0 isp_lib.o
 .bss           0x0080010a        0x0 d:/my_pgm/winavr/winavr20070122/bin/../lib/gcc/avr/4.1.1/avr5\libgcc.a(_udivmodsi4.o)
 .bss           0x0080010a        0x0 d:/my_pgm/winavr/winavr20070122/bin/../lib/gcc/avr/4.1.1/avr5\libgcc.a(_clear_bss.o)
 *(.bss*)
 *(COMMON)
 COMMON         0x0080010a       0x2a can_isp_protocol.o
                0x0080010a                can_isp_rx_buffer
                0x00800112                can_communication_opened
                0x00800113                can_isp_rx_msg
                0x0080011e                base_isp_id
                0x00800120                can_isp_tx_msg
                0x0080012b                isp_prog_on_going
                0x0080012c                can_isp_tx_buffer
 COMMON         0x00800134        0x1 uart_drv.o
                0x00800134                uart_selected
 COMMON         0x00800135       0x1d uart_isp_protocol.o
                0x00800135                hex_offset
                0x00800137                hex_record_length
                0x00800138                hex_record_type
                0x00800139                uart_isp_rx_buffer
                0x0080013d                uart_communication_opened
                0x0080013e                uart_isp_tx_buffer
                0x00800151                hex_computed_chk
 COMMON         0x00800152      0x10c isp_lib.o
                0x00800152                local_buffer
                0x00800252                isp_start_address
                0x00800254                isp_number_of_bytes
                0x00800256                isp_select_memory
                0x00800257                loc_buf_index
                0x00800259                isp_select_page
                0x0080025a                isp_number_of_bytes_copy
                0x0080025c                isp_start_address_copy
                0x0080025e                PROVIDE (__bss_end, .)
                0x0001ffdc                __data_load_start = LOADADDR (.data)
                0x0001ffe6                __data_load_end = (__data_load_start + SIZEOF (.data))

.noinit         0x0080025e        0x0
                0x0080025e                PROVIDE (__noinit_start, .)
 *(.noinit*)
                0x0080025e                PROVIDE (__noinit_end, .)
                0x0080025e                _end = .
                0x0080025e                PROVIDE (__heap_start, .)

.eeprom         0x00810000        0x0
 *(.eeprom*)
                0x00810000                __eeprom_end = .

.stab           0x00000000      0x408
 *(.stab)
 .stab          0x00000000      0x408 d:/my_pgm/winavr/winavr20070122/bin/../lib/gcc/avr/4.1.1/../../../../avr/lib/avr5/crtcan128.o

.stabstr        0x00000000       0x84
 *(.stabstr)
 .stabstr       0x00000000       0x84 d:/my_pgm/winavr/winavr20070122/bin/../lib/gcc/avr/4.1.1/../../../../avr/lib/avr5/crtcan128.o

.stab.excl
 *(.stab.excl)

.stab.exclstr
 *(.stab.exclstr)

.stab.index
 *(.stab.index)

.stab.indexstr
 *(.stab.indexstr)

.comment
 *(.comment)

.debug
 *(.debug)

.line
 *(.line)

.debug_srcinfo
 *(.debug_srcinfo)

.debug_sfnames
 *(.debug_sfnames)

.debug_aranges  0x00000000      0x188
 *(.debug_aranges)
 .debug_aranges
                0x00000000       0x20 main_can_uart_bootloader_example.o
 .debug_aranges
                0x00000020       0x28 flash_api_lib.o
 .debug_aranges
                0x00000048       0x20 flash_boot_drv.o
 .debug_aranges
                0x00000068       0x20 flash_boot_lib.o
 .debug_aranges
                0x00000088       0x20 can_drv.o
 .debug_aranges
                0x000000a8       0x20 can_isp_protocol.o
 .debug_aranges
                0x000000c8       0x20 reduced_can_lib.o
 .debug_aranges
                0x000000e8       0x20 eeprom_lib.o
 .debug_aranges
                0x00000108       0x20 uart_drv.o
 .debug_aranges
                0x00000128       0x20 uart_isp_protocol.o
 .debug_aranges
                0x00000148       0x20 uart_lib.o
 .debug_aranges
                0x00000168       0x20 isp_lib.o

.debug_pubnames
                0x00000000      0x705
 *(.debug_pubnames)
 .debug_pubnames
                0x00000000       0x1b main_can_uart_bootloader_example.o
 .debug_pubnames
                0x0000001b       0x29 flash_api_lib.o
 .debug_pubnames
                0x00000044       0x57 flash_boot_drv.o
 .debug_pubnames
                0x0000009b       0x8b flash_boot_lib.o
 .debug_pubnames
                0x00000126       0x92 can_drv.o
 .debug_pubnames
                0x000001b8      0x10f can_isp_protocol.o
 .debug_pubnames
                0x000002c7       0x31 reduced_can_lib.o
 .debug_pubnames
                0x000002f8       0x76 eeprom_lib.o
 .debug_pubnames
                0x0000036e       0x66 uart_drv.o
 .debug_pubnames
                0x000003d4      0x124 uart_isp_protocol.o
 .debug_pubnames
                0x000004f8       0x54 uart_lib.o
 .debug_pubnames
                0x0000054c      0x1b9 isp_lib.o

.debug_info     0x00000000     0x1b43
 *(.debug_info)
 .debug_info    0x00000000       0xfe main_can_uart_bootloader_example.o
 .debug_info    0x000000fe       0xcc flash_api_lib.o
 .debug_info    0x000001ca      0x10d flash_boot_drv.o
 .debug_info    0x000002d7      0x3d2 flash_boot_lib.o
 .debug_info    0x000006a9      0x2c4 can_drv.o
 .debug_info    0x0000096d      0x32d can_isp_protocol.o
 .debug_info    0x00000c9a      0x264 reduced_can_lib.o
 .debug_info    0x00000efe      0x275 eeprom_lib.o
 .debug_info    0x00001173      0x1a3 uart_drv.o
 .debug_info    0x00001316      0x2d7 uart_isp_protocol.o
 .debug_info    0x000015ed      0x13e uart_lib.o
 .debug_info    0x0000172b      0x418 isp_lib.o
 *(.gnu.linkonce.wi.*)

.debug_abbrev   0x00000000      0xbcb
 *(.debug_abbrev)
 .debug_abbrev  0x00000000       0xa7 main_can_uart_bootloader_example.o
 .debug_abbrev  0x000000a7       0x71 flash_api_lib.o
 .debug_abbrev  0x00000118       0x72 flash_boot_drv.o
 .debug_abbrev  0x0000018a      0x192 flash_boot_lib.o
 .debug_abbrev  0x0000031c       0xef can_drv.o
 .debug_abbrev  0x0000040b      0x142 can_isp_protocol.o
 .debug_abbrev  0x0000054d      0x132 reduced_can_lib.o
 .debug_abbrev  0x0000067f      0x161 eeprom_lib.o
 .debug_abbrev  0x000007e0       0xc3 uart_drv.o
 .debug_abbrev  0x000008a3      0x13d uart_isp_protocol.o
 .debug_abbrev  0x000009e0       0xa5 uart_lib.o
 .debug_abbrev  0x00000a85      0x146 isp_lib.o

.debug_line     0x00000000     0x28e1
 *(.debug_line)
 .debug_line    0x00000000      0x43f main_can_uart_bootloader_example.o
 .debug_line    0x0000043f      0x14f flash_api_lib.o
 .debug_line    0x0000058e      0x18e flash_boot_drv.o
 .debug_line    0x0000071c      0x30d flash_boot_lib.o
 .debug_line    0x00000a29      0x3c9 can_drv.o
 .debug_line    0x00000df2      0x5aa can_isp_protocol.o
 .debug_line    0x0000139c      0x297 reduced_can_lib.o
 .debug_line    0x00001633      0x20f eeprom_lib.o
 .debug_line    0x00001842      0x33f uart_drv.o
 .debug_line    0x00001b81      0x628 uart_isp_protocol.o
 .debug_line    0x000021a9      0x23d uart_lib.o
 .debug_line    0x000023e6      0x4fb isp_lib.o

.debug_frame    0x00000000      0x3f0
 *(.debug_frame)
 .debug_frame   0x00000000       0x20 main_can_uart_bootloader_example.o
 .debug_frame   0x00000020       0x20 flash_api_lib.o
 .debug_frame   0x00000040       0x40 flash_boot_drv.o
 .debug_frame   0x00000080       0x70 flash_boot_lib.o
 .debug_frame   0x000000f0       0x70 can_drv.o
 .debug_frame   0x00000160       0x50 can_isp_protocol.o
 .debug_frame   0x000001b0       0x30 reduced_can_lib.o
 .debug_frame   0x000001e0       0x60 eeprom_lib.o
 .debug_frame   0x00000240       0x40 uart_drv.o
 .debug_frame   0x00000280       0x60 uart_isp_protocol.o
 .debug_frame   0x000002e0       0x50 uart_lib.o
 .debug_frame   0x00000330       0xc0 isp_lib.o

.debug_str      0x00000000      0xa47
 *(.debug_str)
 .debug_str     0x00000000      0x13f main_can_uart_bootloader_example.o
                                0x173 (size before relaxing)
 .debug_str     0x0000013f       0x4e flash_api_lib.o
                                0x14c (size before relaxing)
 .debug_str     0x0000018d       0x68 flash_boot_drv.o
                                0x17a (size before relaxing)
 .debug_str     0x000001f5       0xf8 flash_boot_lib.o
                                0x22e (size before relaxing)
 .debug_str     0x000002ed      0x145 can_drv.o
                                0x24e (size before relaxing)
 .debug_str     0x00000432      0x1d7 can_isp_protocol.o
                                0x30c (size before relaxing)
 .debug_str     0x00000609       0x56 reduced_can_lib.o
                                0x1bd (size before relaxing)
 .debug_str     0x0000065f       0x7c eeprom_lib.o
                                0x19b (size before relaxing)
 .debug_str     0x000006db       0x97 uart_drv.o
                                0x1b9 (size before relaxing)
 .debug_str     0x00000772      0x15a uart_isp_protocol.o
                                0x30a (size before relaxing)
 .debug_str     0x000008cc       0x5a uart_lib.o
                                0x174 (size before relaxing)
 .debug_str     0x00000926      0x121 isp_lib.o
                                0x2e6 (size before relaxing)

.debug_loc      0x00000000     0x1111
 *(.debug_loc)
 .debug_loc     0x00000000       0x1e main_can_uart_bootloader_example.o
 .debug_loc     0x0000001e       0x48 flash_api_lib.o
 .debug_loc     0x00000066      0x253 flash_boot_lib.o
 .debug_loc     0x000002b9      0x2f4 can_drv.o
 .debug_loc     0x000005ad      0x118 can_isp_protocol.o
 .debug_loc     0x000006c5      0x15b reduced_can_lib.o
 .debug_loc     0x00000820       0xb6 eeprom_lib.o
 .debug_loc     0x000008d6      0x1cc uart_drv.o
 .debug_loc     0x00000aa2      0x1ab uart_isp_protocol.o
 .debug_loc     0x00000c4d       0x93 uart_lib.o
 .debug_loc     0x00000ce0      0x431 isp_lib.o

.debug_macinfo
 *(.debug_macinfo)
OUTPUT(can_uart_bootloader_example_gcc.elf elf32-avr)
LOAD linker stubs

.bootconf       0x0001fff0        0xa
 .bootconf      0x0001fff0        0xa isp_lib.o
                0x0001fff0                boot_conf

.flashapi       0x0001fffa        0x6
 .flashapi      0x0001fffa        0x6 flash_api_lib.o
                0x0001fffa                flash_api_wr_block
