Archive member included because of file (symbol)

d:/my_pgm/winavr/winavr-20070525/bin/../lib/gcc/avr/4.1.2/avr5\libgcc.a(_mulsi3.o)
                              sensor_drv.o (__mulsi3)
d:/my_pgm/winavr/winavr-20070525/bin/../lib/gcc/avr/4.1.2/avr5\libgcc.a(_udivmodhi4.o)
                              sensor_drv.o (__udivmodhi4)
d:/my_pgm/winavr/winavr-20070525/bin/../lib/gcc/avr/4.1.2/avr5\libgcc.a(_divmodhi4.o)
                              uart_lib.o (__divmodhi4)
d:/my_pgm/winavr/winavr-20070525/bin/../lib/gcc/avr/4.1.2/avr5\libgcc.a(_udivmodsi4.o)
                              sensor_drv.o (__udivmodsi4)
d:/my_pgm/winavr/winavr-20070525/bin/../lib/gcc/avr/4.1.2/avr5\libgcc.a(_divmodsi4.o)
                              uart_lib.o (__divmodsi4)
d:/my_pgm/winavr/winavr-20070525/bin/../lib/gcc/avr/4.1.2/avr5\libgcc.a(_exit.o)
                              d:/my_pgm/winavr/winavr-20070525/bin/../lib/gcc/avr/4.1.2/../../../../avr/lib/avr5/crtcan128.o (exit)
d:/my_pgm/winavr/winavr-20070525/bin/../lib/gcc/avr/4.1.2/avr5\libgcc.a(_clear_bss.o)
                              main_dvk90can1_test_v2.o (__do_clear_bss)

Allocating common symbols
Common symbol       size              file

rtc_minutes         0x1               rtc_drv.o
rtc_days            0x1               rtc_drv.o
rtc_milliseconds    0x2               rtc_drv.o
rtc_tics            0x4               rtc_drv.o
rtc_hours           0x1               rtc_drv.o
rtc_seconds         0x1               rtc_drv.o

Discarded input sections

 .stabstr       0x00000000        0x0 d:/my_pgm/winavr/winavr-20070525/bin/../lib/gcc/avr/4.1.2/../../../../avr/lib/avr5/crtcan128.o

Memory Configuration

Name             Origin             Length             Attributes
text             0x00000000         0x00020000         xr
data             0x00800060         0x0000ffa0         rw !x
eeprom           0x00810000         0x00010000         rw !x
*default*        0x00000000         0xffffffff

Linker script and memory map

Address of section .data set to 0x800100
LOAD d:/my_pgm/winavr/winavr-20070525/bin/../lib/gcc/avr/4.1.2/../../../../avr/lib/avr5/crtcan128.o
LOAD main_dvk90can1_test_v2.o
LOAD audio_drv.o
LOAD key_drv.o
LOAD led_drv.o
LOAD rtc_drv.o
LOAD sensor_drv.o
LOAD uart_lib.o
LOAD uart_drv.o
LOAD adc_drv.o
LOAD eeprom_lib.o
LOAD can_lib.o
LOAD can_drv.o
LOAD d:/my_pgm/winavr/winavr-20070525/bin/../lib/gcc/avr/4.1.2/avr5\libgcc.a
LOAD d:/my_pgm/winavr/winavr-20070525/bin/../lib/gcc/avr/4.1.2/../../../../avr/lib/avr5\libc.a
LOAD d:/my_pgm/winavr/winavr-20070525/bin/../lib/gcc/avr/4.1.2/avr5\libgcc.a

.hash
 *(.hash)

.dynsym
 *(.dynsym)

.dynstr
 *(.dynstr)

.gnu.version
 *(.gnu.version)

.gnu.version_d
 *(.gnu.version_d)

.gnu.version_r
 *(.gnu.version_r)

.rel.init
 *(.rel.init)

.rela.init
 *(.rela.init)

.rel.text
 *(.rel.text)
 *(.rel.text.*)
 *(.rel.gnu.linkonce.t*)

.rela.text
 *(.rela.text)
 *(.rela.text.*)
 *(.rela.gnu.linkonce.t*)

.rel.fini
 *(.rel.fini)

.rela.fini
 *(.rela.fini)

.rel.rodata
 *(.rel.rodata)
 *(.rel.rodata.*)
 *(.rel.gnu.linkonce.r*)

.rela.rodata
 *(.rela.rodata)
 *(.rela.rodata.*)
 *(.rela.gnu.linkonce.r*)

.rel.data
 *(.rel.data)
 *(.rel.data.*)
 *(.rel.gnu.linkonce.d*)

.rela.data
 *(.rela.data)
 *(.rela.data.*)
 *(.rela.gnu.linkonce.d*)

.rel.ctors
 *(.rel.ctors)

.rela.ctors
 *(.rela.ctors)

.rel.dtors
 *(.rel.dtors)

.rela.dtors
 *(.rela.dtors)

.rel.got
 *(.rel.got)

.rela.got
 *(.rela.got)

.rel.bss
 *(.rel.bss)

.rela.bss
 *(.rela.bss)

.rel.plt
 *(.rel.plt)

.rela.plt
 *(.rela.plt)

.text           0x00000000     0x5ec6
 *(.vectors)
 .vectors       0x00000000       0x94 d:/my_pgm/winavr/winavr-20070525/bin/../lib/gcc/avr/4.1.2/../../../../avr/lib/avr5/crtcan128.o
                0x00000000                __vectors
                0x00000000                __vector_default
 *(.vectors)
 *(.progmem.gcc*)
 *(.progmem*)
                0x00000094                . = ALIGN (0x2)
                0x00000094                __trampolines_start = .
 *(.trampolines)
 .trampolines   0x00000094        0x0 linker stubs
 *(.trampolines*)
                0x00000094                __trampolines_end = .
 *(.jumptables)
 *(.jumptables*)
 *(.lowtext)
 *(.lowtext*)
                0x00000094                __ctors_start = .
 *(.ctors)
                0x00000094                __ctors_end = .
                0x00000094                __dtors_start = .
 *(.dtors)
                0x00000094                __dtors_end = .
 SORT(*)(.ctors)
 SORT(*)(.dtors)
 *(.init0)
 .init0         0x00000094        0x0 d:/my_pgm/winavr/winavr-20070525/bin/../lib/gcc/avr/4.1.2/../../../../avr/lib/avr5/crtcan128.o
                0x00000094                __init
 *(.init0)
 *(.init1)
 *(.init1)
 *(.init2)
 .init2         0x00000094        0xc d:/my_pgm/winavr/winavr-20070525/bin/../lib/gcc/avr/4.1.2/../../../../avr/lib/avr5/crtcan128.o
 *(.init2)
 *(.init3)
 *(.init3)
 *(.init4)
 .init4         0x000000a0       0x1a d:/my_pgm/winavr/winavr-20070525/bin/../lib/gcc/avr/4.1.2/../../../../avr/lib/avr5/crtcan128.o
                0x000000a0                __do_copy_data
 .init4         0x000000ba       0x10 d:/my_pgm/winavr/winavr-20070525/bin/../lib/gcc/avr/4.1.2/avr5\libgcc.a(_clear_bss.o)
                0x000000ba                __do_clear_bss
 *(.init4)
 *(.init5)
 *(.init5)
 *(.init6)
 *(.init6)
 *(.init7)
 *(.init7)
 *(.init8)
 *(.init8)
 *(.init9)
 .init9         0x000000ca        0x8 d:/my_pgm/winavr/winavr-20070525/bin/../lib/gcc/avr/4.1.2/../../../../avr/lib/avr5/crtcan128.o
 *(.init9)
 *(.text)
 .text          0x000000d2        0x4 d:/my_pgm/winavr/winavr-20070525/bin/../lib/gcc/avr/4.1.2/../../../../avr/lib/avr5/crtcan128.o
                0x000000d2                __vector_22
                0x000000d2                __vector_28
                0x000000d2                __vector_1
                0x000000d2                __vector_32
                0x000000d2                __vector_34
                0x000000d2                __vector_24
                0x000000d2                __vector_12
                0x000000d2                __bad_interrupt
                0x000000d2                __vector_6
                0x000000d2                __vector_31
                0x000000d2                __vector_35
                0x000000d2                __vector_3
                0x000000d2                __vector_23
                0x000000d2                __vector_30
                0x000000d2                __vector_25
                0x000000d2                __vector_11
                0x000000d2                __vector_13
                0x000000d2                __vector_17
                0x000000d2                __vector_19
                0x000000d2                __vector_7
                0x000000d2                __vector_27
                0x000000d2                __vector_5
                0x000000d2                __vector_33
                0x000000d2                __vector_4
                0x000000d2                __vector_2
                0x000000d2                __vector_21
                0x000000d2                __vector_15
                0x000000d2                __vector_36
                0x000000d2                __vector_29
                0x000000d2                __vector_8
                0x000000d2                __vector_26
                0x000000d2                __vector_14
                0x000000d2                __vector_10
                0x000000d2                __vector_16
                0x000000d2                __vector_18
                0x000000d2                __vector_20
 .text          0x000000d6     0x21e2 main_dvk90can1_test_v2.o
                0x00002116                hex_to_deci_ascii
                0x000000d6                main
                0x00001e92                spy_printing
                0x00002042                can_error_mode
 .text          0x000022b8      0x22e audio_drv.o
                0x000022b8                audio_init
                0x000023ba                audio_play_song
                0x0000237a                audio_play
                0x00002452                audio_stop
                0x0000249a                mute_control
 .text          0x000024e6      0x276 key_drv.o
                0x000024e6                key_init
                0x000025d8                get_key_code
                0x00002582                get_key
 .text          0x0000275c      0x12e led_drv.o
                0x000027a8                swap_nibble_led
                0x00002778                write_led
                0x000027de                toggle_led
                0x0000275c                led_init
                0x000027f4                write_led_number
 .text          0x0000288a      0x2e0 rtc_drv.o
                0x00002986                rtc_int_init
                0x0000288a                wait_for
                0x00002a9a                __vector_9
 .text          0x00002b6a      0x244 sensor_drv.o
                0x00002b6a                get_temperature
                0x00002c6a                get_luminosity
                0x00002d24                get_vin
 .text          0x00002dae      0xb04 uart_lib.o
                0x00002fa8                uart_mini_printf
                0x00002f12                uart_getchar
                0x00002dae                uart_init
                0x000036e8                uart_get_editedline
                0x00002f5c                uart_put_string
                0x00002e96                uart_test_hit
                0x00002eba                uart_putchar
 .text          0x000038b2      0x476 uart_drv.o
                0x00003cac                uart_rx_get_3_data
                0x000038b2                uart_set_baudrate
                0x00003cf2                uart_rx_get_data
 .text          0x00003d28      0x2f4 adc_drv.o
                0x00003d28                adc_init
                0x00003e76                adc_single_conversion
 .text          0x0000401c      0x1c6 eeprom_lib.o
                0x000040b8                eeprom_rd_block
                0x0000418a                eeprom_full_erase
                0x00004120                eeprom_wr_block
                0x0000406a                eeprom_wr_byte
                0x0000401c                eeprom_rd_byte
 .text          0x000041e2     0x153a can_lib.o
                0x000041e2                can_init
                0x000054cc                can_get_status
                0x00004238                can_cmd
 .text          0x0000571c      0x6a2 can_drv.o
                0x00005782                can_get_mob_free
                0x00005804                can_get_mob_status
                0x00005892                can_get_data
                0x0000571c                can_clear_all_mob
                0x000058f6                can_auto_baudrate
                0x00005d78                can_fixed_baudrate
 .text          0x00005dbe        0x0 d:/my_pgm/winavr/winavr-20070525/bin/../lib/gcc/avr/4.1.2/avr5\libgcc.a(_mulsi3.o)
 .text          0x00005dbe        0x0 d:/my_pgm/winavr/winavr-20070525/bin/../lib/gcc/avr/4.1.2/avr5\libgcc.a(_udivmodhi4.o)
 .text          0x00005dbe        0x0 d:/my_pgm/winavr/winavr-20070525/bin/../lib/gcc/avr/4.1.2/avr5\libgcc.a(_divmodhi4.o)
 .text          0x00005dbe        0x0 d:/my_pgm/winavr/winavr-20070525/bin/../lib/gcc/avr/4.1.2/avr5\libgcc.a(_udivmodsi4.o)
 .text          0x00005dbe        0x0 d:/my_pgm/winavr/winavr-20070525/bin/../lib/gcc/avr/4.1.2/avr5\libgcc.a(_divmodsi4.o)
 .text          0x00005dbe        0x0 d:/my_pgm/winavr/winavr-20070525/bin/../lib/gcc/avr/4.1.2/avr5\libgcc.a(_exit.o)
 .text          0x00005dbe        0x0 d:/my_pgm/winavr/winavr-20070525/bin/../lib/gcc/avr/4.1.2/avr5\libgcc.a(_clear_bss.o)
                0x00005dbe                . = ALIGN (0x2)
 *(.text.*)
 .text.libgcc   0x00005dbe       0x3e d:/my_pgm/winavr/winavr-20070525/bin/../lib/gcc/avr/4.1.2/avr5\libgcc.a(_mulsi3.o)
                0x00005dbe                __mulsi3
 .text.libgcc   0x00005dfc       0x28 d:/my_pgm/winavr/winavr-20070525/bin/../lib/gcc/avr/4.1.2/avr5\libgcc.a(_udivmodhi4.o)
                0x00005dfc                __udivmodhi4
 .text.libgcc   0x00005e24       0x26 d:/my_pgm/winavr/winavr-20070525/bin/../lib/gcc/avr/4.1.2/avr5\libgcc.a(_divmodhi4.o)
                0x00005e24                __divmodhi4
                0x00005e24                _div
 .text.libgcc   0x00005e4a       0x44 d:/my_pgm/winavr/winavr-20070525/bin/../lib/gcc/avr/4.1.2/avr5\libgcc.a(_udivmodsi4.o)
                0x00005e4a                __udivmodsi4
 .text.libgcc   0x00005e8e       0x36 d:/my_pgm/winavr/winavr-20070525/bin/../lib/gcc/avr/4.1.2/avr5\libgcc.a(_divmodsi4.o)
                0x00005e8e                __divmodsi4
 .text.libgcc   0x00005ec4        0x0 d:/my_pgm/winavr/winavr-20070525/bin/../lib/gcc/avr/4.1.2/avr5\libgcc.a(_exit.o)
 .text.libgcc   0x00005ec4        0x0 d:/my_pgm/winavr/winavr-20070525/bin/../lib/gcc/avr/4.1.2/avr5\libgcc.a(_clear_bss.o)
                0x00005ec4                . = ALIGN (0x2)
 *(.fini9)
 .fini9         0x00005ec4        0x0 d:/my_pgm/winavr/winavr-20070525/bin/../lib/gcc/avr/4.1.2/avr5\libgcc.a(_exit.o)
                0x00005ec4                exit
                0x00005ec4                _exit
 *(.fini9)
 *(.fini8)
 *(.fini8)
 *(.fini7)
 *(.fini7)
 *(.fini6)
 *(.fini6)
 *(.fini5)
 *(.fini5)
 *(.fini4)
 *(.fini4)
 *(.fini3)
 *(.fini3)
 *(.fini2)
 *(.fini2)
 *(.fini1)
 *(.fini1)
 *(.fini0)
 .fini0         0x00005ec4        0x2 d:/my_pgm/winavr/winavr-20070525/bin/../lib/gcc/avr/4.1.2/avr5\libgcc.a(_exit.o)
 *(.fini0)
                0x00005ec6                _etext = .

.data           0x00800100      0xbc0 load address 0x00005ec6
                0x00800100                PROVIDE (__data_start, .)
 *(.data)
 .data          0x00800100        0x0 d:/my_pgm/winavr/winavr-20070525/bin/../lib/gcc/avr/4.1.2/../../../../avr/lib/avr5/crtcan128.o
 .data          0x00800100      0x8ef main_dvk90can1_test_v2.o
 .data          0x008009ef        0x0 audio_drv.o
 .data          0x008009ef        0x0 key_drv.o
 .data          0x008009ef        0x0 led_drv.o
 .data          0x008009ef        0x0 rtc_drv.o
 .data          0x008009ef       0xf8 sensor_drv.o
                0x008009ef                thermistor_table
                0x00800a87                luminosity_table
 .data          0x00800ae7      0x1d9 uart_lib.o
                0x00800c97                txt_small_logo_atmel
                0x00800ae7                txt_logo_atmel
 .data          0x00800cc0        0x0 uart_drv.o
 .data          0x00800cc0        0x0 adc_drv.o
 .data          0x00800cc0        0x0 eeprom_lib.o
 .data          0x00800cc0        0x0 can_lib.o
 .data          0x00800cc0        0x0 can_drv.o
 .data          0x00800cc0        0x0 d:/my_pgm/winavr/winavr-20070525/bin/../lib/gcc/avr/4.1.2/avr5\libgcc.a(_mulsi3.o)
 .data          0x00800cc0        0x0 d:/my_pgm/winavr/winavr-20070525/bin/../lib/gcc/avr/4.1.2/avr5\libgcc.a(_udivmodhi4.o)
 .data          0x00800cc0        0x0 d:/my_pgm/winavr/winavr-20070525/bin/../lib/gcc/avr/4.1.2/avr5\libgcc.a(_divmodhi4.o)
 .data          0x00800cc0        0x0 d:/my_pgm/winavr/winavr-20070525/bin/../lib/gcc/avr/4.1.2/avr5\libgcc.a(_udivmodsi4.o)
 .data          0x00800cc0        0x0 d:/my_pgm/winavr/winavr-20070525/bin/../lib/gcc/avr/4.1.2/avr5\libgcc.a(_divmodsi4.o)
 .data          0x00800cc0        0x0 d:/my_pgm/winavr/winavr-20070525/bin/../lib/gcc/avr/4.1.2/avr5\libgcc.a(_exit.o)
 .data          0x00800cc0        0x0 d:/my_pgm/winavr/winavr-20070525/bin/../lib/gcc/avr/4.1.2/avr5\libgcc.a(_clear_bss.o)
 *(.data*)
 *(.rodata)
 *(.rodata*)
 *(.gnu.linkonce.d*)
                0x00800cc0                . = ALIGN (0x2)
                0x00800cc0                _edata = .
                0x00800cc0                PROVIDE (__data_end, .)

.bss            0x00800cc0        0xb
                0x00800cc0                PROVIDE (__bss_start, .)
 *(.bss)
 .bss           0x00800cc0        0x0 d:/my_pgm/winavr/winavr-20070525/bin/../lib/gcc/avr/4.1.2/../../../../avr/lib/avr5/crtcan128.o
 .bss           0x00800cc0        0x0 main_dvk90can1_test_v2.o
 .bss           0x00800cc0        0x0 audio_drv.o
 .bss           0x00800cc0        0x0 key_drv.o
 .bss           0x00800cc0        0x0 led_drv.o
 .bss           0x00800cc0        0x1 rtc_drv.o
                0x00800cc0                rtc_running
 .bss           0x00800cc1        0x0 sensor_drv.o
 .bss           0x00800cc1        0x0 uart_lib.o
 .bss           0x00800cc1        0x0 uart_drv.o
 .bss           0x00800cc1        0x0 adc_drv.o
 .bss           0x00800cc1        0x0 eeprom_lib.o
 .bss           0x00800cc1        0x0 can_lib.o
 .bss           0x00800cc1        0x0 can_drv.o
 .bss           0x00800cc1        0x0 d:/my_pgm/winavr/winavr-20070525/bin/../lib/gcc/avr/4.1.2/avr5\libgcc.a(_mulsi3.o)
 .bss           0x00800cc1        0x0 d:/my_pgm/winavr/winavr-20070525/bin/../lib/gcc/avr/4.1.2/avr5\libgcc.a(_udivmodhi4.o)
 .bss           0x00800cc1        0x0 d:/my_pgm/winavr/winavr-20070525/bin/../lib/gcc/avr/4.1.2/avr5\libgcc.a(_divmodhi4.o)
 .bss           0x00800cc1        0x0 d:/my_pgm/winavr/winavr-20070525/bin/../lib/gcc/avr/4.1.2/avr5\libgcc.a(_udivmodsi4.o)
 .bss           0x00800cc1        0x0 d:/my_pgm/winavr/winavr-20070525/bin/../lib/gcc/avr/4.1.2/avr5\libgcc.a(_divmodsi4.o)
 .bss           0x00800cc1        0x0 d:/my_pgm/winavr/winavr-20070525/bin/../lib/gcc/avr/4.1.2/avr5\libgcc.a(_exit.o)
 .bss           0x00800cc1        0x0 d:/my_pgm/winavr/winavr-20070525/bin/../lib/gcc/avr/4.1.2/avr5\libgcc.a(_clear_bss.o)
 *(.bss*)
 *(COMMON)
 COMMON         0x00800cc1        0xa rtc_drv.o
                0x00800cc1                rtc_minutes
                0x00800cc2                rtc_days
                0x00800cc3                rtc_milliseconds
                0x00800cc5                rtc_tics
                0x00800cc9                rtc_hours
                0x00800cca                rtc_seconds
                0x00800ccb                PROVIDE (__bss_end, .)
                0x00005ec6                __data_load_start = LOADADDR (.data)
                0x00006a86                __data_load_end = (__data_load_start + SIZEOF (.data))

.noinit         0x00800ccb        0x0
                0x00800ccb                PROVIDE (__noinit_start, .)
 *(.noinit*)
                0x00800ccb                PROVIDE (__noinit_end, .)
                0x00800ccb                _end = .
                0x00800ccb                PROVIDE (__heap_start, .)

.eeprom         0x00810000        0x0
 *(.eeprom*)
                0x00810000                __eeprom_end = .

.stab           0x00000000      0x414
 *(.stab)
 .stab          0x00000000      0x414 d:/my_pgm/winavr/winavr-20070525/bin/../lib/gcc/avr/4.1.2/../../../../avr/lib/avr5/crtcan128.o

.stabstr        0x00000000       0x71
 *(.stabstr)
 .stabstr       0x00000000       0x71 d:/my_pgm/winavr/winavr-20070525/bin/../lib/gcc/avr/4.1.2/../../../../avr/lib/avr5/crtcan128.o

.stab.excl
 *(.stab.excl)

.stab.exclstr
 *(.stab.exclstr)

.stab.index
 *(.stab.index)

.stab.indexstr
 *(.stab.indexstr)

.comment
 *(.comment)

.debug
 *(.debug)

.line
 *(.line)

.debug_srcinfo
 *(.debug_srcinfo)

.debug_sfnames
 *(.debug_sfnames)

.debug_aranges  0x00000000      0x180
 *(.debug_aranges)
 .debug_aranges
                0x00000000       0x20 main_dvk90can1_test_v2.o
 .debug_aranges
                0x00000020       0x20 audio_drv.o
 .debug_aranges
                0x00000040       0x20 key_drv.o
 .debug_aranges
                0x00000060       0x20 led_drv.o
 .debug_aranges
                0x00000080       0x20 rtc_drv.o
 .debug_aranges
                0x000000a0       0x20 sensor_drv.o
 .debug_aranges
                0x000000c0       0x20 uart_lib.o
 .debug_aranges
                0x000000e0       0x20 uart_drv.o
 .debug_aranges
                0x00000100       0x20 adc_drv.o
 .debug_aranges
                0x00000120       0x20 eeprom_lib.o
 .debug_aranges
                0x00000140       0x20 can_lib.o
 .debug_aranges
                0x00000160       0x20 can_drv.o

.debug_pubnames
                0x00000000      0x509
 *(.debug_pubnames)
 .debug_pubnames
                0x00000000       0x55 main_dvk90can1_test_v2.o
 .debug_pubnames
                0x00000055       0x64 audio_drv.o
 .debug_pubnames
                0x000000b9       0x3c key_drv.o
 .debug_pubnames
                0x000000f5       0x65 led_drv.o
 .debug_pubnames
                0x0000015a       0xac rtc_drv.o
 .debug_pubnames
                0x00000206       0x6f sensor_drv.o
 .debug_pubnames
                0x00000275       0xc1 uart_lib.o
 .debug_pubnames
                0x00000336       0x54 uart_drv.o
 .debug_pubnames
                0x0000038a       0x39 adc_drv.o
 .debug_pubnames
                0x000003c3       0x76 eeprom_lib.o
 .debug_pubnames
                0x00000439       0x3e can_lib.o
 .debug_pubnames
                0x00000477       0x92 can_drv.o

.debug_info     0x00000000     0x2abb
 *(.debug_info)
 .debug_info    0x00000000      0x6fd main_dvk90can1_test_v2.o
 .debug_info    0x000006fd      0x275 audio_drv.o
 .debug_info    0x00000972      0x20f key_drv.o
 .debug_info    0x00000b81      0x26d led_drv.o
 .debug_info    0x00000dee      0x304 rtc_drv.o
 .debug_info    0x000010f2      0x352 sensor_drv.o
 .debug_info    0x00001444      0x521 uart_lib.o
 .debug_info    0x00001965      0x2cb uart_drv.o
 .debug_info    0x00001c30      0x2ae adc_drv.o
 .debug_info    0x00001ede      0x2e9 eeprom_lib.o
 .debug_info    0x000021c7      0x490 can_lib.o
 .debug_info    0x00002657      0x464 can_drv.o
 *(.gnu.linkonce.wi.*)

.debug_abbrev   0x00000000      0x8f0
 *(.debug_abbrev)
 .debug_abbrev  0x00000000      0x12a main_dvk90can1_test_v2.o
 .debug_abbrev  0x0000012a       0x9f audio_drv.o
 .debug_abbrev  0x000001c9       0x8b key_drv.o
 .debug_abbrev  0x00000254       0x98 led_drv.o
 .debug_abbrev  0x000002ec       0x99 rtc_drv.o
 .debug_abbrev  0x00000385       0x98 sensor_drv.o
 .debug_abbrev  0x0000041d      0x130 uart_lib.o
 .debug_abbrev  0x0000054d       0x94 uart_drv.o
 .debug_abbrev  0x000005e1       0x85 adc_drv.o
 .debug_abbrev  0x00000666       0xbb eeprom_lib.o
 .debug_abbrev  0x00000721       0xfc can_lib.o
 .debug_abbrev  0x0000081d       0xd3 can_drv.o

.debug_line     0x00000000     0x373f
 *(.debug_line)
 .debug_line    0x00000000     0x1011 main_dvk90can1_test_v2.o
 .debug_line    0x00001011      0x278 audio_drv.o
 .debug_line    0x00001289      0x2d4 key_drv.o
 .debug_line    0x0000155d      0x1d4 led_drv.o
 .debug_line    0x00001731      0x2dc rtc_drv.o
 .debug_line    0x00001a0d      0x22a sensor_drv.o
 .debug_line    0x00001c37      0x88c uart_lib.o
 .debug_line    0x000024c3      0x2ec uart_drv.o
 .debug_line    0x000027af      0x2a4 adc_drv.o
 .debug_line    0x00002a53      0x1e8 eeprom_lib.o
 .debug_line    0x00002c3b      0x5bc can_lib.o
 .debug_line    0x000031f7      0x548 can_drv.o

.debug_frame    0x00000000      0x3d0
 *(.debug_frame)
 .debug_frame   0x00000000       0x50 main_dvk90can1_test_v2.o
 .debug_frame   0x00000050       0x60 audio_drv.o
 .debug_frame   0x000000b0       0x40 key_drv.o
 .debug_frame   0x000000f0       0x60 led_drv.o
 .debug_frame   0x00000150       0x40 rtc_drv.o
 .debug_frame   0x00000190       0x40 sensor_drv.o
 .debug_frame   0x000001d0       0x80 uart_lib.o
 .debug_frame   0x00000250       0x40 uart_drv.o
 .debug_frame   0x00000290       0x30 adc_drv.o
 .debug_frame   0x000002c0       0x60 eeprom_lib.o
 .debug_frame   0x00000320       0x40 can_lib.o
 .debug_frame   0x00000360       0x70 can_drv.o

.debug_str      0x00000000       0xc8
 *(.debug_str)
 .debug_str     0x00000000        0xd main_dvk90can1_test_v2.o
 .debug_str     0x0000000d        0xd audio_drv.o
 .debug_str     0x0000001a        0xd key_drv.o
 .debug_str     0x00000027        0xd led_drv.o
 .debug_str     0x00000034        0xd rtc_drv.o
 .debug_str     0x00000041       0x18 sensor_drv.o
 .debug_str     0x00000059       0x19 uart_lib.o
 .debug_str     0x00000072        0xd uart_drv.o
 .debug_str     0x0000007f        0xd adc_drv.o
 .debug_str     0x0000008c       0x17 eeprom_lib.o
 .debug_str     0x000000a3        0xd can_lib.o
 .debug_str     0x000000b0       0x18 can_drv.o

.debug_loc
 *(.debug_loc)

.debug_macinfo
 *(.debug_macinfo)
OUTPUT(dvk90can1_test_v2_gcc.elf elf32-avr)
LOAD linker stubs
