Archive member included because of file (symbol)

d:/my_pgm/winavr/winavr20070122/bin/../lib/gcc/avr/4.1.1/avr5\libgcc.a(_clear_bss.o)
                              main_x_can_example.o (__do_clear_bss)

Discarded input sections

 .stabstr       0x00000000        0x0 d:/my_pgm/winavr/winavr20070122/bin/../lib/gcc/avr/4.1.1/../../../../avr/lib/avr5/crtcan128.o

Memory Configuration

Name             Origin             Length             Attributes
text             0x00000000         0x00020000         xr
data             0x00800060         0x0000ffa0         rw !x
eeprom           0x00810000         0x00010000         rw !x
*default*        0x00000000         0xffffffff

Linker script and memory map

Address of section .data set to 0x800100
LOAD d:/my_pgm/winavr/winavr20070122/bin/../lib/gcc/avr/4.1.1/../../../../avr/lib/avr5/crtcan128.o
LOAD main_x_can_example.o
LOAD can_drv.o
LOAD can_lib.o
LOAD d:/my_pgm/winavr/winavr20070122/bin/../lib/gcc/avr/4.1.1/avr5\libgcc.a
LOAD d:/my_pgm/winavr/winavr20070122/bin/../lib/gcc/avr/4.1.1/../../../../avr/lib/avr5\libc.a
LOAD d:/my_pgm/winavr/winavr20070122/bin/../lib/gcc/avr/4.1.1/avr5\libgcc.a

.hash
 *(.hash)

.dynsym
 *(.dynsym)

.dynstr
 *(.dynstr)

.gnu.version
 *(.gnu.version)

.gnu.version_d
 *(.gnu.version_d)

.gnu.version_r
 *(.gnu.version_r)

.rel.init
 *(.rel.init)

.rela.init
 *(.rela.init)

.rel.text
 *(.rel.text)
 *(.rel.text.*)
 *(.rel.gnu.linkonce.t*)

.rela.text
 *(.rela.text)
 *(.rela.text.*)
 *(.rela.gnu.linkonce.t*)

.rel.fini
 *(.rel.fini)

.rela.fini
 *(.rela.fini)

.rel.rodata
 *(.rel.rodata)
 *(.rel.rodata.*)
 *(.rel.gnu.linkonce.r*)

.rela.rodata
 *(.rela.rodata)
 *(.rela.rodata.*)
 *(.rela.gnu.linkonce.r*)

.rel.data
 *(.rel.data)
 *(.rel.data.*)
 *(.rel.gnu.linkonce.d*)

.rela.data
 *(.rela.data)
 *(.rela.data.*)
 *(.rela.gnu.linkonce.d*)

.rel.ctors
 *(.rel.ctors)

.rela.ctors
 *(.rela.ctors)

.rel.dtors
 *(.rel.dtors)

.rela.dtors
 *(.rela.dtors)

.rel.got
 *(.rel.got)

.rela.got
 *(.rela.got)

.rel.bss
 *(.rel.bss)

.rela.bss
 *(.rela.bss)

.rel.plt
 *(.rel.plt)

.rela.plt
 *(.rela.plt)

.text           0x00000000     0x1d22
 *(.vectors)
 .vectors       0x00000000       0x94 d:/my_pgm/winavr/winavr20070122/bin/../lib/gcc/avr/4.1.1/../../../../avr/lib/avr5/crtcan128.o
                0x00000000                __vectors
                0x00000000                __vector_default
 *(.vectors)
 *(.progmem.gcc*)
 *(.progmem*)
                0x00000094                . = ALIGN (0x2)
                0x00000094                __trampolines_start = .
 *(.trampolines)
 .trampolines   0x00000094        0x0 linker stubs
 *(.trampolines*)
                0x00000094                __trampolines_end = .
 *(.jumptables)
 *(.jumptables*)
 *(.lowtext)
 *(.lowtext*)
                0x00000094                __ctors_start = .
 *(.ctors)
                0x00000094                __ctors_end = .
                0x00000094                __dtors_start = .
 *(.dtors)
                0x00000094                __dtors_end = .
 SORT(*)(.ctors)
 SORT(*)(.dtors)
 *(.init0)
 .init0         0x00000094        0x0 d:/my_pgm/winavr/winavr20070122/bin/../lib/gcc/avr/4.1.1/../../../../avr/lib/avr5/crtcan128.o
                0x00000094                __init
 *(.init0)
 *(.init1)
 *(.init1)
 *(.init2)
 .init2         0x00000094        0xc d:/my_pgm/winavr/winavr20070122/bin/../lib/gcc/avr/4.1.1/../../../../avr/lib/avr5/crtcan128.o
 *(.init2)
 *(.init3)
 *(.init3)
 *(.init4)
 .init4         0x000000a0       0x1a d:/my_pgm/winavr/winavr20070122/bin/../lib/gcc/avr/4.1.1/../../../../avr/lib/avr5/crtcan128.o
                0x000000a0                __do_copy_data
 .init4         0x000000ba       0x10 d:/my_pgm/winavr/winavr20070122/bin/../lib/gcc/avr/4.1.1/avr5\libgcc.a(_clear_bss.o)
                0x000000ba                __do_clear_bss
 *(.init4)
 *(.init5)
 *(.init5)
 *(.init6)
 *(.init6)
 *(.init7)
 *(.init7)
 *(.init8)
 *(.init8)
 *(.init9)
 .init9         0x000000ca        0x4 d:/my_pgm/winavr/winavr20070122/bin/../lib/gcc/avr/4.1.1/../../../../avr/lib/avr5/crtcan128.o
 *(.init9)
 *(.text)
 .text          0x000000ce        0x4 d:/my_pgm/winavr/winavr20070122/bin/../lib/gcc/avr/4.1.1/../../../../avr/lib/avr5/crtcan128.o
                0x000000ce                __vector_22
                0x000000ce                __vector_28
                0x000000ce                __vector_1
                0x000000ce                __vector_32
                0x000000ce                __vector_34
                0x000000ce                __vector_24
                0x000000ce                __vector_12
                0x000000ce                __bad_interrupt
                0x000000ce                __vector_6
                0x000000ce                __vector_31
                0x000000ce                __vector_35
                0x000000ce                __vector_3
                0x000000ce                __vector_23
                0x000000ce                __vector_30
                0x000000ce                __vector_25
                0x000000ce                __vector_11
                0x000000ce                __vector_13
                0x000000ce                __vector_17
                0x000000ce                __vector_19
                0x000000ce                __vector_7
                0x000000ce                __vector_27
                0x000000ce                __vector_5
                0x000000ce                __vector_33
                0x000000ce                __vector_4
                0x000000ce                __vector_9
                0x000000ce                __vector_2
                0x000000ce                __vector_21
                0x000000ce                __vector_15
                0x000000ce                __vector_36
                0x000000ce                __vector_29
                0x000000ce                __vector_8
                0x000000ce                __vector_26
                0x000000ce                __vector_14
                0x000000ce                __vector_10
                0x000000ce                __vector_16
                0x000000ce                __vector_18
                0x000000ce                __vector_20
 .text          0x000000d2       0x6e main_x_can_example.o
                0x000000d2                main
 .text          0x00000140      0x6a8 can_drv.o
                0x000001a6                can_get_mob_free
                0x00000228                can_get_mob_status
                0x000002b6                can_get_data
                0x00000140                can_clear_all_mob
                0x0000031a                can_auto_baudrate
                0x0000079c                can_fixed_baudrate
 .text          0x000007e8     0x153a can_lib.o
                0x000007e8                can_init
                0x00001ad2                can_get_status
                0x0000083e                can_cmd
 .text          0x00001d22        0x0 d:/my_pgm/winavr/winavr20070122/bin/../lib/gcc/avr/4.1.1/avr5\libgcc.a(_clear_bss.o)
                0x00001d22                . = ALIGN (0x2)
 *(.text.*)
 .text.libgcc   0x00001d22        0x0 d:/my_pgm/winavr/winavr20070122/bin/../lib/gcc/avr/4.1.1/avr5\libgcc.a(_clear_bss.o)
                0x00001d22                . = ALIGN (0x2)
 *(.fini9)
 *(.fini9)
 *(.fini8)
 *(.fini8)
 *(.fini7)
 *(.fini7)
 *(.fini6)
 *(.fini6)
 *(.fini5)
 *(.fini5)
 *(.fini4)
 *(.fini4)
 *(.fini3)
 *(.fini3)
 *(.fini2)
 *(.fini2)
 *(.fini1)
 *(.fini1)
 *(.fini0)
 *(.fini0)
                0x00001d22                _etext = .

.data           0x00800100        0x0 load address 0x00001d22
                0x00800100                PROVIDE (__data_start, .)
 *(.data)
 .data          0x00800100        0x0 d:/my_pgm/winavr/winavr20070122/bin/../lib/gcc/avr/4.1.1/../../../../avr/lib/avr5/crtcan128.o
 .data          0x00800100        0x0 main_x_can_example.o
 .data          0x00800100        0x0 can_drv.o
 .data          0x00800100        0x0 can_lib.o
 .data          0x00800100        0x0 d:/my_pgm/winavr/winavr20070122/bin/../lib/gcc/avr/4.1.1/avr5\libgcc.a(_clear_bss.o)
 *(.data*)
 *(.rodata)
 *(.rodata*)
 *(.gnu.linkonce.d*)
                0x00800100                . = ALIGN (0x2)
                0x00800100                _edata = .
                0x00800100                PROVIDE (__data_end, .)

.bss            0x00800100        0x0
                0x00800100                PROVIDE (__bss_start, .)
 *(.bss)
 .bss           0x00800100        0x0 d:/my_pgm/winavr/winavr20070122/bin/../lib/gcc/avr/4.1.1/../../../../avr/lib/avr5/crtcan128.o
 .bss           0x00800100        0x0 main_x_can_example.o
 .bss           0x00800100        0x0 can_drv.o
 .bss           0x00800100        0x0 can_lib.o
 .bss           0x00800100        0x0 d:/my_pgm/winavr/winavr20070122/bin/../lib/gcc/avr/4.1.1/avr5\libgcc.a(_clear_bss.o)
 *(.bss*)
 *(COMMON)
                0x00800100                PROVIDE (__bss_end, .)
                0x00001d22                __data_load_start = LOADADDR (.data)
                0x00001d22                __data_load_end = (__data_load_start + SIZEOF (.data))

.noinit         0x00800100        0x0
                0x00800100                PROVIDE (__noinit_start, .)
 *(.noinit*)
                0x00800100                PROVIDE (__noinit_end, .)
                0x00800100                _end = .
                0x00800100                PROVIDE (__heap_start, .)

.eeprom         0x00810000        0x0
 *(.eeprom*)
                0x00810000                __eeprom_end = .

.stab           0x00000000      0x408
 *(.stab)
 .stab          0x00000000      0x408 d:/my_pgm/winavr/winavr20070122/bin/../lib/gcc/avr/4.1.1/../../../../avr/lib/avr5/crtcan128.o

.stabstr        0x00000000       0x84
 *(.stabstr)
 .stabstr       0x00000000       0x84 d:/my_pgm/winavr/winavr20070122/bin/../lib/gcc/avr/4.1.1/../../../../avr/lib/avr5/crtcan128.o

.stab.excl
 *(.stab.excl)

.stab.exclstr
 *(.stab.exclstr)

.stab.index
 *(.stab.index)

.stab.indexstr
 *(.stab.indexstr)

.comment
 *(.comment)

.debug
 *(.debug)

.line
 *(.line)

.debug_srcinfo
 *(.debug_srcinfo)

.debug_sfnames
 *(.debug_sfnames)

.debug_aranges  0x00000000       0x60
 *(.debug_aranges)
 .debug_aranges
                0x00000000       0x20 main_x_can_example.o
 .debug_aranges
                0x00000020       0x20 can_drv.o
 .debug_aranges
                0x00000040       0x20 can_lib.o

.debug_pubnames
                0x00000000       0xeb
 *(.debug_pubnames)
 .debug_pubnames
                0x00000000       0x1b main_x_can_example.o
 .debug_pubnames
                0x0000001b       0x92 can_drv.o
 .debug_pubnames
                0x000000ad       0x3e can_lib.o

.debug_info     0x00000000      0xc73
 *(.debug_info)
 .debug_info    0x00000000      0x3ad main_x_can_example.o
 .debug_info    0x000003ad      0x44d can_drv.o
 .debug_info    0x000007fa      0x479 can_lib.o
 *(.gnu.linkonce.wi.*)

.debug_abbrev   0x00000000      0x29c
 *(.debug_abbrev)
 .debug_abbrev  0x00000000       0xcd main_x_can_example.o
 .debug_abbrev  0x000000cd       0xd3 can_drv.o
 .debug_abbrev  0x000001a0       0xfc can_lib.o

.debug_line     0x00000000      0xcad
 *(.debug_line)
 .debug_line    0x00000000      0x1df main_x_can_example.o
 .debug_line    0x000001df      0x52d can_drv.o
 .debug_line    0x0000070c      0x5a1 can_lib.o

.debug_frame    0x00000000       0xd0
 *(.debug_frame)
 .debug_frame   0x00000000       0x20 main_x_can_example.o
 .debug_frame   0x00000020       0x70 can_drv.o
 .debug_frame   0x00000090       0x40 can_lib.o

.debug_str      0x00000000       0x32
 *(.debug_str)
 .debug_str     0x00000000        0xd main_x_can_example.o
 .debug_str     0x0000000d       0x18 can_drv.o
 .debug_str     0x00000025        0xd can_lib.o

.debug_loc
 *(.debug_loc)

.debug_macinfo
 *(.debug_macinfo)
OUTPUT(x_can_example_gcc.elf elf32-avr)
LOAD linker stubs
